Archive member included because of file (symbol)

libbb/lib.a(appletlib.o)      /opt/workspace/rtl8198/rtl819x/toolchain/rsdk-1.3.6-5281-EB-2.6.30-0.9.30/lib/crt1.o (main)
libbb/lib.a(default_error_retval.o)
                              libbb/lib.a(appletlib.o) (xfunc_error_retval)
libbb/lib.a(get_last_path_component.o)
                              libbb/lib.a(appletlib.o) (bb_basename)
libbb/lib.a(last_char_is.o)   libbb/lib.a(get_last_path_component.o) (last_char_is)
libbb/lib.a(messages.o)       libbb/lib.a(appletlib.o) (bb_banner)
libbb/lib.a(ptr_to_globals.o)
                              libbb/lib.a(appletlib.o) (bb_errno)
libbb/lib.a(verror_msg.o)     libbb/lib.a(appletlib.o) (bb_error_msg_and_die)
libbb/lib.a(xfunc_die.o)      libbb/lib.a(appletlib.o) (xfunc_die)
libbb/lib.a(xfuncs.o)         libbb/lib.a(appletlib.o) (full_write2_str)
libbb/lib.a(xfuncs_printf.o)  libbb/lib.a(appletlib.o) (malloc_or_warn)
libbb/lib.a(copyfd.o)         libbb/lib.a(xfuncs_printf.o) (bb_copyfd_eof)
libbb/lib.a(full_write.o)     libbb/lib.a(verror_msg.o) (full_write)
libbb/lib.a(perror_msg.o)     libbb/lib.a(xfuncs_printf.o) (bb_perror_msg)
libbb/lib.a(read.o)           libbb/lib.a(copyfd.o) (safe_read)
libbb/lib.a(safe_write.o)     libbb/lib.a(full_write.o) (safe_write)
libbb/lib.a(time.o)           libbb/lib.a(xfuncs_printf.o) (monotonic_us)
libbb/lib.a(bb_strtonum.o)    libbb/lib.a(time.o) (bb_strtol)
miscutils/lib.a(flash_eraseall.o)
                              libbb/lib.a(appletlib.o) (flash_eraseall_main)
miscutils/lib.a(flash_lock_unlock.o)
                              libbb/lib.a(appletlib.o) (flash_lock_unlock_main)
miscutils/lib.a(watchdog.o)   libbb/lib.a(appletlib.o) (watchdog_main)
modutils/lib.a(insmod.o)      libbb/lib.a(appletlib.o) (insmod_main)
modutils/lib.a(lsmod.o)       libbb/lib.a(appletlib.o) (lsmod_main)
modutils/lib.a(modutils.o)    modutils/lib.a(insmod.o) (parse_cmdline_module_options)
modutils/lib.a(rmmod.o)       libbb/lib.a(appletlib.o) (rmmod_main)
networking/lib.a(ftpgetput.o)
                              libbb/lib.a(appletlib.o) (ftpgetput_main)
networking/lib.a(ifconfig.o)  libbb/lib.a(appletlib.o) (ifconfig_main)
networking/lib.a(interface.o)
                              networking/lib.a(ifconfig.o) (display_interfaces)
networking/lib.a(ping.o)      libbb/lib.a(appletlib.o) (ping_main)
networking/lib.a(route.o)     libbb/lib.a(appletlib.o) (route_main)
networking/lib.a(vconfig.o)   libbb/lib.a(appletlib.o) (vconfig_main)
networking/lib.a(wget.o)      libbb/lib.a(appletlib.o) (wget_main)
networking/udhcp/lib.a(dhcpc.o)
                              libbb/lib.a(appletlib.o) (udhcpc_main)
networking/udhcp/lib.a(domain_codec.o)
                              networking/udhcp/lib.a(dhcpc.o) (dname_dec)
networking/udhcp/lib.a(packet.o)
                              networking/udhcp/lib.a(dhcpc.o) (udhcp_init_header)
networking/udhcp/lib.a(signalpipe.o)
                              networking/udhcp/lib.a(dhcpc.o) (udhcp_sp_setup)
networking/udhcp/lib.a(socket.o)
                              networking/udhcp/lib.a(dhcpc.o) (udhcp_read_interface)
networking/udhcp/lib.a(common.o)
                              networking/udhcp/lib.a(dhcpc.o) (dhcp_option_lengths)
procps/lib.a(kill.o)          libbb/lib.a(appletlib.o) (kill_main)
procps/lib.a(pidof.o)         libbb/lib.a(appletlib.o) (pidof_main)
procps/lib.a(ps.o)            libbb/lib.a(appletlib.o) (ps_main)
procps/lib.a(uptime.o)        libbb/lib.a(appletlib.o) (uptime_main)
shell/lib.a(ash.o)            libbb/lib.a(appletlib.o) (ash_main)
shell/lib.a(ash_ptr_hack.o)   shell/lib.a(ash.o) (ash_ptr_to_globals_misc)
shell/lib.a(math.o)           shell/lib.a(ash.o) (endofname)
shell/lib.a(shell_common.o)   shell/lib.a(ash.o) (defifsvar)
sysklogd/lib.a(klogd.o)       libbb/lib.a(appletlib.o) (klogd_main)
sysklogd/lib.a(logread.o)     libbb/lib.a(appletlib.o) (logread_main)
sysklogd/lib.a(syslogd_and_logger.o)
                              libbb/lib.a(appletlib.o) (syslogd_main)
util-linux/lib.a(dmesg.o)     libbb/lib.a(appletlib.o) (dmesg_main)
util-linux/lib.a(hwclock.o)   libbb/lib.a(appletlib.o) (hwclock_main)
util-linux/lib.a(mount.o)     libbb/lib.a(appletlib.o) (mount_main)
util-linux/lib.a(switch_root.o)
                              libbb/lib.a(appletlib.o) (switch_root_main)
util-linux/lib.a(umount.o)    libbb/lib.a(appletlib.o) (umount_main)
archival/lib.a(tar.o)         libbb/lib.a(appletlib.o) (tar_main)
archival/libarchive/lib.a(data_extract_all.o)
                              archival/lib.a(tar.o) (data_extract_all)
archival/libarchive/lib.a(data_extract_to_command.o)
                              archival/lib.a(tar.o) (data_extract_to_command)
archival/libarchive/lib.a(data_extract_to_stdout.o)
                              archival/lib.a(tar.o) (data_extract_to_stdout)
archival/libarchive/lib.a(data_skip.o)
                              archival/libarchive/lib.a(data_extract_all.o) (data_skip)
[...]
Memory Configuration

Name             Origin             Length             Attributes
*default*        0x0000000000000000 0xffffffffffffffff

Linker script and memory map

LOAD /opt/workspace/rtl8198/rtl819x/toolchain/rsdk-1.3.6-5281-EB-2.6.30-0.9.30/lib/crti.o
LOAD /opt/workspace/rtl8198/rtl819x/toolchain/rsdk-1.3.6-5281-EB-2.6.30-0.9.30/lib/crt1.o
LOAD /opt/workspace/rtl8198/rtl819x/toolchain/rsdk-1.3.6-5281-EB-2.6.30-0.9.30/lib/crtbeginS.o
START GROUP
LOAD applets/built-in.o
LOAD archival/lib.a
LOAD archival/libarchive/lib.a
LOAD console-tools/lib.a
LOAD coreutils/lib.a
LOAD coreutils/libcoreutils/lib.a
LOAD debianutils/lib.a
LOAD e2fsprogs/lib.a
LOAD editors/lib.a
LOAD findutils/lib.a
LOAD init/lib.a
LOAD libbb/lib.a
LOAD libpwdgrp/lib.a
LOAD loginutils/lib.a
LOAD mailutils/lib.a
LOAD miscutils/lib.a
LOAD modutils/lib.a
LOAD networking/lib.a
LOAD networking/libiproute/lib.a
LOAD networking/udhcp/lib.a
LOAD printutils/lib.a
LOAD procps/lib.a
LOAD runit/lib.a
LOAD selinux/lib.a
LOAD shell/lib.a
LOAD sysklogd/lib.a
LOAD util-linux/lib.a
LOAD util-linux/volume_id/lib.a
LOAD archival/built-in.o
LOAD archival/libarchive/built-in.o
LOAD console-tools/built-in.o
LOAD coreutils/built-in.o
LOAD coreutils/libcoreutils/built-in.o
LOAD debianutils/built-in.o
LOAD e2fsprogs/built-in.o
LOAD editors/built-in.o
LOAD findutils/built-in.o
LOAD init/built-in.o
LOAD libbb/built-in.o
LOAD libpwdgrp/built-in.o
LOAD loginutils/built-in.o
LOAD mailutils/built-in.o
LOAD miscutils/built-in.o
LOAD modutils/built-in.o
LOAD networking/built-in.o
LOAD networking/libiproute/built-in.o
LOAD networking/udhcp/built-in.o
LOAD printutils/built-in.o
LOAD procps/built-in.o
LOAD runit/built-in.o
LOAD selinux/built-in.o
LOAD shell/built-in.o
LOAD sysklogd/built-in.o
LOAD util-linux/built-in.o
LOAD util-linux/volume_id/built-in.o
LOAD /opt/workspace/rtl8198/rtl819x/toolchain/rsdk-1.3.6-5281-EB-2.6.30-0.9.30/lib/libc.so
START GROUP
LOAD /opt/workspace/rtl8198/rtl819x/toolchain/rsdk-1.3.6-5281-EB-2.6.30-0.9.30/lib/libc.so.0
LOAD /opt/workspace/rtl8198/rtl819x/toolchain/rsdk-1.3.6-5281-EB-2.6.30-0.9.30/lib/uclibc_nonshared.a
LOAD /opt/workspace/rtl8198/rtl819x/toolchain/rsdk-1.3.6-5281-EB-2.6.30-0.9.30/lib/ld-uClibc.so.0
END GROUP
START GROUP
LOAD /opt/workspace/rtl8198/rtl819x/toolchain/rsdk-1.3.6-5281-EB-2.6.30-0.9.30/lib/libc.so.0
LOAD /opt/workspace/rtl8198/rtl819x/toolchain/rsdk-1.3.6-5281-EB-2.6.30-0.9.30/lib/uclibc_nonshared.a
LOAD /opt/workspace/rtl8198/rtl819x/toolchain/rsdk-1.3.6-5281-EB-2.6.30-0.9.30/lib/ld-uClibc.so.0
END GROUP
START GROUP
LOAD /opt/workspace/rtl8198/rtl819x/toolchain/rsdk-1.3.6-5281-EB-2.6.30-0.9.30/lib/libc.so.0
LOAD /opt/workspace/rtl8198/rtl819x/toolchain/rsdk-1.3.6-5281-EB-2.6.30-0.9.30/lib/uclibc_nonshared.a
LOAD /opt/workspace/rtl8198/rtl819x/toolchain/rsdk-1.3.6-5281-EB-2.6.30-0.9.30/lib/ld-uClibc.so.0
END GROUP
LOAD /opt/workspace/rtl8198/rtl819x/toolchain/rsdk-1.3.6-5281-EB-2.6.30-0.9.30/lib/libgcc.so
END GROUP
LOAD /opt/workspace/rtl8198/rtl819x/toolchain/rsdk-1.3.6-5281-EB-2.6.30-0.9.30/lib/crtendS.o
LOAD /opt/workspace/rtl8198/rtl819x/toolchain/rsdk-1.3.6-5281-EB-2.6.30-0.9.30/lib/crtn.o
                0x0000000000400000                PROVIDE (__executable_start, 0x400000)
                0x00000000004000f4                . = (0x400000 + SIZEOF_HEADERS)

.interp         0x00000000004000f4       0x14
 *(SORT(.interp))
 .interp        0x00000000004000f4       0x14 /opt/workspace/rtl8198/rtl819x/toolchain/rsdk-1.3.6-5281-EB-2.6.30-0.9.30/lib/crt1.o

.reginfo
 *(SORT(.reginfo))

.dynamic        0x0000000000400108       0xf8
 *(SORT(.dynamic))
 .dynamic       0x0000000000400108       0xf8 /opt/workspace/rtl8198/rtl819x/toolchain/rsdk-1.3.6-5281-EB-2.6.30-0.9.30/lib/crt1.o
                0x0000000000400108                _DYNAMIC

.hash           0x0000000000400200     0x1248
 *(SORT(.hash))
 .hash          0x0000000000400200     0x1248 /opt/workspace/rtl8198/rtl819x/toolchain/rsdk-1.3.6-5281-EB-2.6.30-0.9.30/lib/crt1.o

.dynsym         0x0000000000401448     0x2870
 *(SORT(.dynsym))
 .dynsym        0x0000000000401448     0x2870 /opt/workspace/rtl8198/rtl819x/toolchain/rsdk-1.3.6-5281-EB-2.6.30-0.9.30/lib/crt1.o

.dynstr         0x0000000000403cb8     0x1d45
 *(SORT(.dynstr))
 .dynstr        0x0000000000403cb8     0x1d45 /opt/workspace/rtl8198/rtl819x/toolchain/rsdk-1.3.6-5281-EB-2.6.30-0.9.30/lib/crt1.o

.gnu.version    0x00000000004059fe      0x50e
 *(SORT(.gnu.version))
 .gnu.version   0x00000000004059fe      0x50e /opt/workspace/rtl8198/rtl819x/toolchain/rsdk-1.3.6-5281-EB-2.6.30-0.9.30/lib/crt1.o

.gnu.version_d  0x0000000000405f0c        0x0
 *(SORT(.gnu.version_d))
 .gnu.version_d
                0x0000000000000000        0x0 /opt/workspace/rtl8198/rtl819x/toolchain/rsdk-1.3.6-5281-EB-2.6.30-0.9.30/lib/crt1.o

.gnu.version_r  0x0000000000405f0c       0x20
 *(SORT(.gnu.version_r))
 .gnu.version_r
                0x0000000000405f0c       0x20 /opt/workspace/rtl8198/rtl819x/toolchain/rsdk-1.3.6-5281-EB-2.6.30-0.9.30/lib/crt1.o

.rel.dyn        0x0000000000405f2c        0x0
 *(SORT(.rel.init))
 *(SORT(.rel.text) .rel.text.* .rel.gnu.linkonce.t.*)
 *(SORT(.rel.fini))
 *(SORT(.rel.rodata) .rel.rodata.* .rel.gnu.linkonce.r.*)
 *(SORT(.rel.data.rel.ro*) .rel.gnu.linkonce.d.rel.ro.*)
 *(SORT(.rel.data) .rel.data.* .rel.gnu.linkonce.d.*)
 *(SORT(.rel.tdata) .rel.tdata.* .rel.gnu.linkonce.td.*)
 *(SORT(.rel.tbss) .rel.tbss.* .rel.gnu.linkonce.tb.*)
 *(SORT(.rel.ctors))
 *(SORT(.rel.dtors))
 *(SORT(.rel.got))
 *(SORT(.rel.sdata) .rel.sdata.* .rel.gnu.linkonce.s.*)
 *(SORT(.rel.sbss) .rel.sbss.* .rel.gnu.linkonce.sb.*)
 *(SORT(.rel.sdata2) .rel.sdata2.* .rel.gnu.linkonce.s2.*)
 *(SORT(.rel.sbss2) .rel.sbss2.* .rel.gnu.linkonce.sb2.*)
 *(SORT(.rel.bss) .rel.bss.* .rel.gnu.linkonce.b.*)
 .rel.dyn       0x0000000000000000        0x0 /opt/workspace/rtl8198/rtl819x/toolchain/rsdk-1.3.6-5281-EB-2.6.30-0.9.30/lib/crt1.o

.rela.dyn
 *(SORT(.rela.init))
 *(SORT(.rela.text) .rela.text.* .rela.gnu.linkonce.t.*)
 *(SORT(.rela.fini))
 *(SORT(.rela.rodata) .rela.rodata.* .rela.gnu.linkonce.r.*)
 *(SORT(.rela.data) .rela.data.* .rela.gnu.linkonce.d.*)
 *(SORT(.rela.tdata) .rela.tdata.* .rela.gnu.linkonce.td.*)
 *(SORT(.rela.tbss) .rela.tbss.* .rela.gnu.linkonce.tb.*)
 *(SORT(.rela.ctors))
 *(SORT(.rela.dtors))
 *(SORT(.rela.got))
 *(SORT(.rela.sdata) .rela.sdata.* .rela.gnu.linkonce.s.*)
 *(SORT(.rela.sbss) .rela.sbss.* .rela.gnu.linkonce.sb.*)
 *(SORT(.rela.sdata2) .rela.sdata2.* .rela.gnu.linkonce.s2.*)
 *(SORT(.rela.sbss2) .rela.sbss2.* .rela.gnu.linkonce.sb2.*)
 *(SORT(.rela.bss) .rela.bss.* .rela.gnu.linkonce.b.*)

.rel.plt
 *(SORT(.rel.plt))

.rela.plt
 *(SORT(.rela.plt))

.init           0x0000000000405f2c       0x78
 *(SORT(.init))
 .init          0x0000000000405f2c       0x1c /opt/workspace/rtl8198/rtl819x/toolchain/rsdk-1.3.6-5281-EB-2.6.30-0.9.30/lib/crti.o
                0x0000000000405f2c                _init
 .init          0x0000000000405f48        0xc /opt/workspace/rtl8198/rtl819x/toolchain/rsdk-1.3.6-5281-EB-2.6.30-0.9.30/lib/crtn.o
 .init          0x0000000000405f54       0x28 /opt/workspace/rtl8198/rtl819x/toolchain/rsdk-1.3.6-5281-EB-2.6.30-0.9.30/lib/crtbeginS.o
 .init          0x0000000000405f7c       0x28 /opt/workspace/rtl8198/rtl819x/toolchain/rsdk-1.3.6-5281-EB-2.6.30-0.9.30/lib/crtendS.o

.plt
 *(SORT(.plt))

.text           0x0000000000405fb0    0x3ccd0
                0x0000000000405fb0                _ftext = .
 *(SORT(.text) .stub .text.* .gnu.linkonce.t.*)
 .text          0x0000000000405fb0       0x60 /opt/workspace/rtl8198/rtl819x/toolchain/rsdk-1.3.6-5281-EB-2.6.30-0.9.30/lib/crt1.o
                0x0000000000405fb0                __start
 .text          0x0000000000406010      0x150 /opt/workspace/rtl8198/rtl819x/toolchain/rsdk-1.3.6-5281-EB-2.6.30-0.9.30/lib/crtbeginS.o
 .text          0x0000000000406160       0x70 /opt/workspace/rtl8198/rtl819x/toolchain/rsdk-1.3.6-5281-EB-2.6.30-0.9.30/lib/crtendS.o
 .text.applet_name_compare
                0x00000000004061d0       0x34 libbb/lib.a(appletlib.o)
 .text.find_applet_by_name
                0x0000000000406204       0x5c libbb/lib.a(appletlib.o)
                0x0000000000406204                find_applet_by_name
 .text.bb_show_usage
                0x0000000000406260      0x180 libbb/lib.a(appletlib.o)
                0x0000000000406260                bb_show_usage
 .text.lbb_prepare
                0x00000000004063e0       0x4c libbb/lib.a(appletlib.o)
                0x00000000004063e0                lbb_prepare
 .text.run_applet_no_and_exit
                0x000000000040642c      0x17c libbb/lib.a(appletlib.o)
                0x000000000040642c                run_applet_no_and_exit
 .text.run_applet_and_exit
                0x00000000004065a8      0x300 libbb/lib.a(appletlib.o)
                0x00000000004065a8                run_applet_and_exit
 .text.main     0x00000000004068a8       0xf4 libbb/lib.a(appletlib.o)
                0x00000000004068a8                main
 .text.bb_basename
                0x000000000040699c       0x4c libbb/lib.a(get_last_path_component.o)
                0x000000000040699c                bb_basename
 .text.bb_get_last_path_component_nostrip
                0x00000000004069e8       0x68 libbb/lib.a(get_last_path_component.o)
                0x00000000004069e8                bb_get_last_path_component_nostrip
 .text.bb_get_last_path_component_strip
                0x0000000000406a50       0x84 libbb/lib.a(get_last_path_component.o)
                0x0000000000406a50                bb_get_last_path_component_strip
 .text.last_char_is
                0x0000000000406ad4       0x78 libbb/lib.a(last_char_is.o)
                0x0000000000406ad4                last_char_is
 .text.bb_verror_msg
                0x0000000000406b4c      0x27c libbb/lib.a(verror_msg.o)
                0x0000000000406b4c                bb_verror_msg
 .text.bb_error_msg_and_die
                0x0000000000406dc8       0x44 libbb/lib.a(verror_msg.o)
                0x0000000000406dc8                bb_error_msg_and_die
 .text.bb_error_msg
                0x0000000000406e0c       0x44 libbb/lib.a(verror_msg.o)
                0x0000000000406e0c                bb_error_msg
 .text.xfunc_die
                0x0000000000406e50       0x6c libbb/lib.a(xfunc_die.o)
                0x0000000000406e50                xfunc_die
 .text.ndelay_on
                0x0000000000406ebc       0x68 libbb/lib.a(xfuncs.o)
                0x0000000000406ebc                ndelay_on
 .text.ndelay_off
                0x0000000000406f24       0x6c libbb/lib.a(xfuncs.o)
                0x0000000000406f24                ndelay_off
 .text.close_on_exec_on
                0x0000000000406f90       0x1c libbb/lib.a(xfuncs.o)
                0x0000000000406f90                close_on_exec_on
 .text.strncpy_IFNAMSIZ
                0x0000000000406fac       0x18 libbb/lib.a(xfuncs.o)
                0x0000000000406fac                strncpy_IFNAMSIZ
 .text.utoa_to_buf
                0x0000000000406fc4       0x80 libbb/lib.a(xfuncs.o)
                0x0000000000406fc4                utoa_to_buf
 .text.itoa_to_buf
                0x0000000000407044       0x44 libbb/lib.a(xfuncs.o)
                0x0000000000407044                itoa_to_buf
 .text.utoa     0x0000000000407088       0x4c libbb/lib.a(xfuncs.o)
                0x0000000000407088                utoa
 .text.itoa     0x00000000004070d4       0x4c libbb/lib.a(xfuncs.o)
                0x00000000004070d4                itoa
 .text.bin2hex  0x0000000000407120       0x60 libbb/lib.a(xfuncs.o)
                0x0000000000407120                bin2hex
 .text.hex2bin  0x0000000000407180      0x11c libbb/lib.a(xfuncs.o)
                0x0000000000407180                hex2bin
 .text.bb_putchar_stderr
                0x000000000040729c       0x40 libbb/lib.a(xfuncs.o)
                0x000000000040729c                bb_putchar_stderr
 .text.full_write1_str
                0x00000000004072dc       0x4c libbb/lib.a(xfuncs.o)
                0x00000000004072dc                full_write1_str
 .text.full_write2_str
                0x0000000000407328       0x4c libbb/lib.a(xfuncs.o)
                0x0000000000407328                full_write2_str
 .text.wh_helper
                0x0000000000407374       0x90 libbb/lib.a(xfuncs.o)
 .text.get_terminal_width_height
                0x0000000000407404       0xe4 libbb/lib.a(xfuncs.o)
                0x0000000000407404                get_terminal_width_height
 .text.tcsetattr_stdin_TCSANOW
                0x00000000004074e8       0x20 libbb/lib.a(xfuncs.o)
                0x00000000004074e8                tcsetattr_stdin_TCSANOW
 .text.safe_waitpid
                0x0000000000407508       0x84 libbb/lib.a(xfuncs.o)
                0x0000000000407508                safe_waitpid
 .text.wait_any_nohang
                0x000000000040758c       0x20 libbb/lib.a(xfuncs.o)
                0x000000000040758c                wait_any_nohang
 .text.wait4pid
                0x00000000004075ac       0x88 libbb/lib.a(xfuncs.o)
                0x00000000004075ac                wait4pid
 .text.malloc_or_warn
                0x0000000000407634       0x6c libbb/lib.a(xfuncs_printf.o)
                0x0000000000407634                malloc_or_warn
 .text.xmalloc  0x00000000004076a0       0x5c libbb/lib.a(xfuncs_printf.o)
                0x00000000004076a0                xmalloc
 .text.xrealloc
                0x00000000004076fc       0x5c libbb/lib.a(xfuncs_printf.o)
                0x00000000004076fc                xrealloc
 .text.xzalloc  0x0000000000407758       0x64 libbb/lib.a(xfuncs_printf.o)
                0x0000000000407758                xzalloc
 .text.xstrdup  0x00000000004077bc       0x54 libbb/lib.a(xfuncs_printf.o)
                0x00000000004077bc                xstrdup
 .text.xstrndup
                0x0000000000407810       0x88 libbb/lib.a(xfuncs_printf.o)
                0x0000000000407810                xstrndup
 .text.xfopen   0x0000000000407898       0x54 libbb/lib.a(xfuncs_printf.o)
                0x0000000000407898                xfopen
 .text.xopen3   0x00000000004078ec       0x54 libbb/lib.a(xfuncs_printf.o)
                0x00000000004078ec                xopen3
 .text.xopen    0x0000000000407940       0x18 libbb/lib.a(xfuncs_printf.o)
                0x0000000000407940                xopen
 .text.open3_or_warn
                0x0000000000407958       0x6c libbb/lib.a(xfuncs_printf.o)
                0x0000000000407958                open3_or_warn
 .text.open_or_warn
                0x00000000004079c4       0x18 libbb/lib.a(xfuncs_printf.o)
                0x00000000004079c4                open_or_warn
 .text.xpipe    0x00000000004079dc       0x4c libbb/lib.a(xfuncs_printf.o)
                0x00000000004079dc                xpipe
 .text.xdup2    0x0000000000407a28       0x54 libbb/lib.a(xfuncs_printf.o)
                0x0000000000407a28                xdup2
 .text.xmove_fd
                0x0000000000407a7c       0x5c libbb/lib.a(xfuncs_printf.o)
                0x0000000000407a7c                xmove_fd
 .text.xwrite   0x0000000000407ad8       0x5c libbb/lib.a(xfuncs_printf.o)
                0x0000000000407ad8                xwrite
 .text.xclose   0x0000000000407b34       0x4c libbb/lib.a(xfuncs_printf.o)
                0x0000000000407b34                xclose
 .text.xlseek   0x0000000000407b80       0x94 libbb/lib.a(xfuncs_printf.o)
                0x0000000000407b80                xlseek
 .text.fflush_all
                0x0000000000407c14       0x18 libbb/lib.a(xfuncs_printf.o)
                0x0000000000407c14                fflush_all
 .text.bb_putchar
                0x0000000000407c2c       0x6c libbb/lib.a(xfuncs_printf.o)
                0x0000000000407c2c                bb_putchar
 .text.xasprintf
                0x0000000000407c98       0x68 libbb/lib.a(xfuncs_printf.o)
                0x0000000000407c98                xasprintf
 .text.xsetenv  0x0000000000407d00       0x4c libbb/lib.a(xfuncs_printf.o)
                0x0000000000407d00                xsetenv
 .text.bb_unsetenv
                0x0000000000407d4c       0xa4 libbb/lib.a(xfuncs_printf.o)
                0x0000000000407d4c                bb_unsetenv
 .text.bb_unsetenv_and_free
                0x0000000000407df0       0x44 libbb/lib.a(xfuncs_printf.o)
                0x0000000000407df0                bb_unsetenv_and_free
 .text.xsetgid  0x0000000000407e34       0x4c libbb/lib.a(xfuncs_printf.o)
                0x0000000000407e34                xsetgid
 .text.xsetuid  0x0000000000407e80       0x4c libbb/lib.a(xfuncs_printf.o)
                0x0000000000407e80                xsetuid
 .text.xchdir   0x0000000000407ecc       0x54 libbb/lib.a(xfuncs_printf.o)
                0x0000000000407ecc                xchdir
 .text.xchroot  0x0000000000407f20       0x54 libbb/lib.a(xfuncs_printf.o)
                0x0000000000407f20                xchroot
 .text.warn_opendir
                0x0000000000407f74       0x6c libbb/lib.a(xfuncs_printf.o)
                0x0000000000407f74                warn_opendir
 .text.xopendir
                0x0000000000407fe0       0x54 libbb/lib.a(xfuncs_printf.o)
                0x0000000000407fe0                xopendir
 .text.xsocket  0x0000000000408034       0x4c libbb/lib.a(xfuncs_printf.o)
                0x0000000000408034                xsocket
 .text.xbind    0x0000000000408080       0x4c libbb/lib.a(xfuncs_printf.o)
                0x0000000000408080                xbind
 .text.xsendto  0x00000000004080cc       0x58 libbb/lib.a(xfuncs_printf.o)
                0x00000000004080cc                xsendto
 .text.xstat    0x0000000000408124       0x54 libbb/lib.a(xfuncs_printf.o)
                0x0000000000408124                xstat
 .text.xfstat   0x0000000000408178       0x50 libbb/lib.a(xfuncs_printf.o)
                0x0000000000408178                xfstat
 .text.ioctl_or_perror_and_die
                0x00000000004081c8       0x84 libbb/lib.a(xfuncs_printf.o)
                0x00000000004081c8                ioctl_or_perror_and_die
 .text.ioctl_or_perror
                0x000000000040824c       0x84 libbb/lib.a(xfuncs_printf.o)
                0x000000000040824c                ioctl_or_perror
 .text.bb_ioctl_or_warn
                0x00000000004082d0       0x64 libbb/lib.a(xfuncs_printf.o)
                0x00000000004082d0                bb_ioctl_or_warn
 .text.bb_xioctl
                0x0000000000408334       0x50 libbb/lib.a(xfuncs_printf.o)
                0x0000000000408334                bb_xioctl
 .text.xfork    0x0000000000408384       0x4c libbb/lib.a(xfuncs_printf.o)
                0x0000000000408384                xfork
 .text.bb_full_fd_action
                0x00000000004083d0      0x1b8 libbb/lib.a(copyfd.o)
 .text.bb_copyfd_size
                0x0000000000408588       0x34 libbb/lib.a(copyfd.o)
                0x0000000000408588                bb_copyfd_size
 .text.bb_copyfd_exact_size
                0x00000000004085bc       0xb8 libbb/lib.a(copyfd.o)
                0x00000000004085bc                bb_copyfd_exact_size
 .text.bb_copyfd_eof
                0x0000000000408674       0x20 libbb/lib.a(copyfd.o)
                0x0000000000408674                bb_copyfd_eof
 .text.full_write
                0x0000000000408694       0x90 libbb/lib.a(full_write.o)
                0x0000000000408694                full_write
 .text.bb_perror_msg
                0x0000000000408724       0x80 libbb/lib.a(perror_msg.o)
                0x0000000000408724                bb_perror_msg
 .text.bb_perror_msg_and_die
                0x00000000004087a4       0x78 libbb/lib.a(perror_msg.o)
                0x00000000004087a4                bb_perror_msg_and_die
 .text.bb_simple_perror_msg
                0x000000000040881c       0x20 libbb/lib.a(perror_msg.o)
                0x000000000040881c                bb_simple_perror_msg
 .text.bb_simple_perror_msg_and_die
                0x000000000040883c       0x2c libbb/lib.a(perror_msg.o)
                0x000000000040883c                bb_simple_perror_msg_and_die
 .text.safe_read
                0x0000000000408868       0x80 libbb/lib.a(read.o)
                0x0000000000408868                safe_read
 .text.full_read
                0x00000000004088e8       0x98 libbb/lib.a(read.o)
                0x00000000004088e8                full_read
 .text.read_close
                0x0000000000408980       0x5c libbb/lib.a(read.o)
                0x0000000000408980                read_close
 .text.open_read_close
                0x00000000004089dc       0x74 libbb/lib.a(read.o)
                0x00000000004089dc                open_read_close
 .text.safe_write
                0x0000000000408a50       0x80 libbb/lib.a(safe_write.o)
                0x0000000000408a50                safe_write
 .text.parse_datestr
                0x0000000000408ad0      0x54c libbb/lib.a(time.o)
                0x0000000000408ad0                parse_datestr
 .text.validate_tm_time
                0x000000000040901c       0x5c libbb/lib.a(time.o)
                0x000000000040901c                validate_tm_time
 .text.monotonic_us
                0x0000000000409078       0x74 libbb/lib.a(time.o)
                0x0000000000409078                monotonic_us
 .text.monotonic_ms
                0x00000000004090ec       0x88 libbb/lib.a(time.o)
                0x00000000004090ec                monotonic_ms
 .text.monotonic_sec
                0x0000000000409174       0x18 libbb/lib.a(time.o)
                0x0000000000409174                monotonic_sec
 .text.ret_ERANGE
                0x000000000040918c       0x28 libbb/lib.a(bb_strtonum.o)
 .text.handle_errors
                0x00000000004091b4       0x74 libbb/lib.a(bb_strtonum.o)
 .text.bb_strtoull
                0x0000000000409228       0xac libbb/lib.a(bb_strtonum.o)
                0x0000000000409228                bb_strtoull
 .text.bb_strtoll
                0x00000000004092d4       0xbc libbb/lib.a(bb_strtonum.o)
                0x00000000004092d4                bb_strtoll
 .text.bb_strtoul
                0x0000000000409390       0xb8 libbb/lib.a(bb_strtonum.o)
                0x0000000000409390                bb_strtoul
 .text.bb_strtol
                0x0000000000409448       0xc8 libbb/lib.a(bb_strtonum.o)
                0x0000000000409448                bb_strtol
 .text.show_progress
                0x0000000000409510       0x8c miscutils/lib.a(flash_eraseall.o)
 .text.flash_eraseall_main
                0x000000000040959c      0x4f0 miscutils/lib.a(flash_eraseall.o)
                0x000000000040959c                flash_eraseall_main
 .text.flash_lock_unlock_main
                0x0000000000409a8c      0x1f4 miscutils/lib.a(flash_lock_unlock.o)
                0x0000000000409a8c                flash_lock_unlock_main
 .text.watchdog_shutdown
                0x0000000000409c80       0x40 miscutils/lib.a(watchdog.o)
 .text.watchdog_main
                0x0000000000409cc0      0x1cc miscutils/lib.a(watchdog.o)
                0x0000000000409cc0                watchdog_main
 .text.check_module_name_match
                0x0000000000409e8c       0x98 modutils/lib.a(insmod.o)
 .text.insmod_main
                0x0000000000409f24      0x338 modutils/lib.a(insmod.o)
                0x0000000000409f24                insmod_main
 .text.lsmod_main
                0x000000000040a25c      0x174 modutils/lib.a(lsmod.o)
                0x000000000040a25c                lsmod_main
 .text.filename2modname
                0x000000000040a3d0       0xe4 modutils/lib.a(modutils.o)
                0x000000000040a3d0                filename2modname
 .text.parse_cmdline_module_options
                0x000000000040a4b4      0x144 modutils/lib.a(modutils.o)
                0x000000000040a4b4                parse_cmdline_module_options
 .text.bb_init_module
                0x000000000040a5f8       0xc4 modutils/lib.a(modutils.o)
                0x000000000040a5f8                bb_init_module
 .text.bb_delete_module
                0x000000000040a6bc       0x48 modutils/lib.a(modutils.o)
                0x000000000040a6bc                bb_delete_module
 .text.moderror
                0x000000000040a704       0xb4 modutils/lib.a(modutils.o)
                0x000000000040a704                moderror
 .text.rmmod_main
                0x000000000040a7b8      0x168 modutils/lib.a(rmmod.o)
                0x000000000040a7b8                rmmod_main
 .text.ftp_die  0x000000000040a920       0x80 networking/lib.a(ftpgetput.o)
 .text.ftpcmd   0x000000000040a9a0      0x140 networking/lib.a(ftpgetput.o)
 .text.ftpgetput_main
                0x000000000040aae0      0x484 networking/lib.a(ftpgetput.o)
                0x000000000040aae0                ftpgetput_main
 .text.ifconfig_main
                0x000000000040af64      0x660 networking/lib.a(ifconfig.o)
                0x000000000040af64                ifconfig_main
 .text.INET_sprint
                0x000000000040b5c4       0x98 networking/lib.a(interface.o)
 .text.INET_input
                0x000000000040b65c       0x18 networking/lib.a(interface.o)
 .text.UNSPEC_print
                0x000000000040b674       0xa8 networking/lib.a(interface.o)
 .text.UNSPEC_sprint
                0x000000000040b71c       0x40 networking/lib.a(interface.o)
 .text.get_afntype
                0x000000000040b75c       0x48 networking/lib.a(interface.o)
 .text.add_interface
                0x000000000040b7a4       0xe8 networking/lib.a(interface.o)
 .text.if_readconf
                0x000000000040b88c      0x148 networking/lib.a(interface.o)
 .text.if_readlist_proc
                0x000000000040b9d4      0x388 networking/lib.a(interface.o)
 .text.do_if_fetch
                0x000000000040bd5c      0x480 networking/lib.a(interface.o)
 .text.ether_print
                0x000000000040c1dc       0x8c networking/lib.a(interface.o)
 .text.hexchar2int
                0x000000000040c268       0x38 networking/lib.a(interface.o)
 .text.ether_input
                0x000000000040c2a0      0x130 networking/lib.a(interface.o)
 .text.get_hwntype
                0x000000000040c3d0       0x48 networking/lib.a(interface.o)
                0x000000000040c3d0                get_hwntype
 .text.print_bytes_scaled
                0x000000000040c418       0xb4 networking/lib.a(interface.o)
 .text.ife_print
                0x000000000040c4cc      0x5bc networking/lib.a(interface.o)
 .text.display_interfaces
                0x000000000040ca88      0x174 networking/lib.a(interface.o)
                0x000000000040ca88                display_interfaces
 .text.print_stats_and_exit
                0x000000000040cbfc      0x200 networking/lib.a(ping.o)
 .text.sendping4
                0x000000000040cdfc      0x22c networking/lib.a(ping.o)
 .text.ping_main
                0x000000000040d028      0x708 networking/lib.a(ping.o)
                0x000000000040d028                ping_main
 .text.kw_lookup
                0x000000000040d730       0xc8 networking/lib.a(route.o)
 .text.INET_setroute
                0x000000000040d7f8      0x4dc networking/lib.a(route.o)
 .text.bb_displayroutes
                0x000000000040dcd4      0x304 networking/lib.a(route.o)
                0x000000000040dcd4                bb_displayroutes
 .text.route_main
                0x000000000040dfd8      0x18c networking/lib.a(route.o)
                0x000000000040dfd8                route_main
 .text.xfind_str
                0x000000000040e164       0x7c networking/lib.a(vconfig.o)
 .text.vconfig_main
                0x000000000040e1e0      0x1c0 networking/lib.a(vconfig.o)
                0x000000000040e1e0                vconfig_main
 .text.progress_meter
                0x000000000040e3a0      0x138 networking/lib.a(wget.o)
 .text.base64enc
                0x000000000040e4d8       0x78 networking/lib.a(wget.o)
 .text.sanitize_string
                0x000000000040e550       0x30 networking/lib.a(wget.o)
 .text.open_socket
                0x000000000040e580       0x64 networking/lib.a(wget.o)
 .text.fgets_and_trim
                0x000000000040e5e4       0xa0 networking/lib.a(wget.o)
 .text.ftpcmd   0x000000000040e684       0xd8 networking/lib.a(wget.o)
 .text.parse_url
                0x000000000040e75c      0x258 networking/lib.a(wget.o)
 .text.gethdr   0x000000000040e9b4      0x16c networking/lib.a(wget.o)
 .text.retrieve_file_data
                0x000000000040eb20      0x344 networking/lib.a(wget.o)
 .text.wget_main
                0x000000000040ee64     0x1038 networking/lib.a(wget.o)
                0x000000000040ee64                wget_main
 .text.sprint_nip
                0x000000000040fe9c       0x5c networking/udhcp/lib.a(dhcpc.o)
 .text.xmalloc_optname_optval
                0x000000000040fef8      0x604 networking/udhcp/lib.a(dhcpc.o)
 .text.udhcp_run_script
                0x00000000004104fc      0x510 networking/udhcp/lib.a(dhcpc.o)
 .text.init_packet
                0x0000000000410a0c      0x13c networking/udhcp/lib.a(dhcpc.o)
 .text.add_client_options
                0x0000000000410b48      0x1f4 networking/udhcp/lib.a(dhcpc.o)
 .text.raw_bcast_from_client_config_ifindex
                0x0000000000410d3c       0x58 networking/udhcp/lib.a(dhcpc.o)
 .text.send_discover
                0x0000000000410d94       0xd4 networking/udhcp/lib.a(dhcpc.o)
 .text.send_select
                0x0000000000410e68       0xe4 networking/udhcp/lib.a(dhcpc.o)
 .text.send_renew
                0x0000000000410f4c       0xd0 networking/udhcp/lib.a(dhcpc.o)
 .text.udhcp_recv_raw_packet
                0x000000000041101c      0x2a8 networking/udhcp/lib.a(dhcpc.o)
 .text.change_listen_mode
                0x00000000004112c4      0x150 networking/udhcp/lib.a(dhcpc.o)
 .text.perform_release
                0x0000000000411414      0x174 networking/udhcp/lib.a(dhcpc.o)
 .text.alloc_dhcp_option
                0x0000000000411588       0xb8 networking/udhcp/lib.a(dhcpc.o)
 .text.client_background
                0x0000000000411640       0x50 networking/udhcp/lib.a(dhcpc.o)
 .text.udhcpc_main
                0x0000000000411690      0xe6c networking/udhcp/lib.a(dhcpc.o)
                0x0000000000411690                udhcpc_main
 .text.dname_dec
                0x00000000004124fc      0x1dc networking/udhcp/lib.a(domain_codec.o)
                0x00000000004124fc                dname_dec
 .text.dname_enc
                0x00000000004126d8      0x288 networking/udhcp/lib.a(domain_codec.o)
                0x00000000004126d8                dname_enc
 .text.udhcp_init_header
                0x0000000000412960       0xbc networking/udhcp/lib.a(packet.o)
                0x0000000000412960                udhcp_init_header
 .text.udhcp_recv_kernel_packet
                0x0000000000412a1c      0x148 networking/udhcp/lib.a(packet.o)
                0x0000000000412a1c                udhcp_recv_kernel_packet
 .text.udhcp_checksum
                0x0000000000412b64       0x6c networking/udhcp/lib.a(packet.o)
                0x0000000000412b64                udhcp_checksum
 .text.udhcp_get_payload_len
                0x0000000000412bd0       0x38 networking/udhcp/lib.a(packet.o)
                0x0000000000412bd0                udhcp_get_payload_len
 .text.udhcp_send_raw_packet
                0x0000000000412c08      0x29c networking/udhcp/lib.a(packet.o)
                0x0000000000412c08                udhcp_send_raw_packet
 .text.udhcp_send_kernel_packet
                0x0000000000412ea4      0x1cc networking/udhcp/lib.a(packet.o)
                0x0000000000412ea4                udhcp_send_kernel_packet
 .text.signal_handler
                0x0000000000413070       0x64 networking/udhcp/lib.a(signalpipe.o)
 .text.udhcp_sp_setup
                0x00000000004130d4       0x9c networking/udhcp/lib.a(signalpipe.o)
                0x00000000004130d4                udhcp_sp_setup
 .text.udhcp_sp_fd_set
                0x0000000000413170       0xd0 networking/udhcp/lib.a(signalpipe.o)
                0x0000000000413170                udhcp_sp_fd_set
 .text.udhcp_sp_read
                0x0000000000413240       0x80 networking/udhcp/lib.a(signalpipe.o)
                0x0000000000413240                udhcp_sp_read
 .text.udhcp_read_interface
                0x00000000004132c0      0x1b8 networking/udhcp/lib.a(socket.o)
                0x00000000004132c0                udhcp_read_interface
 .text.udhcp_listen_socket
                0x0000000000413478      0x110 networking/udhcp/lib.a(socket.o)
                0x0000000000413478                udhcp_listen_socket
 .text.udhcp_option_idx
                0x0000000000413588       0xa8 networking/udhcp/lib.a(common.o)
                0x0000000000413588                udhcp_option_idx
 .text.udhcp_get_option
                0x0000000000413630       0xe8 networking/udhcp/lib.a(common.o)
                0x0000000000413630                udhcp_get_option
 .text.udhcp_end_option
                0x0000000000413718       0x4c networking/udhcp/lib.a(common.o)
                0x0000000000413718                udhcp_end_option
 .text.udhcp_add_binary_option
                0x0000000000413764       0xc8 networking/udhcp/lib.a(common.o)
                0x0000000000413764                udhcp_add_binary_option
 .text.udhcp_add_simple_option
                0x000000000041382c       0xa4 networking/udhcp/lib.a(common.o)
                0x000000000041382c                udhcp_add_simple_option
 .text.udhcp_find_option
                0x00000000004138d0       0x50 networking/udhcp/lib.a(common.o)
                0x00000000004138d0                udhcp_find_option
 .text.udhcp_str2nip
                0x0000000000413920       0x68 networking/udhcp/lib.a(common.o)
                0x0000000000413920                udhcp_str2nip
 .text.allocate_tempopt_if_needed
                0x0000000000413988       0xb8 networking/udhcp/lib.a(common.o)
 .text.attach_option
                0x0000000000413a40      0x27c networking/udhcp/lib.a(common.o)
 .text.udhcp_str2optset
                0x0000000000413cbc      0x2ac networking/udhcp/lib.a(common.o)
                0x0000000000413cbc                udhcp_str2optset
 .text.kill_main
                0x0000000000413f68      0x480 procps/lib.a(kill.o)
                0x0000000000413f68                kill_main
 .text.pidof_main
                0x00000000004143e8      0x11c procps/lib.a(pidof.o)
                0x00000000004143e8                pidof_main
 .text.ps_main  0x0000000000414504      0x1b8 procps/lib.a(ps.o)
                0x0000000000414504                ps_main
 .text.uptime_main
                0x00000000004146bc      0x1e0 procps/lib.a(uptime.o)
                0x00000000004146bc                uptime_main
 .text.isdigit_str9
                0x000000000041489c       0x34 shell/lib.a(ash.o)
 .text.var_end  0x00000000004148d0       0x30 shell/lib.a(ash.o)
 .text.raise_exception
                0x0000000000414900       0x44 shell/lib.a(ash.o)
 .text.raise_interrupt
                0x0000000000414944       0xa4 shell/lib.a(ash.o)
 .text.int_on   0x00000000004149e8       0x60 shell/lib.a(ash.o)
 .text.force_int_on
                0x0000000000414a48       0x4c shell/lib.a(ash.o)
 .text.outstr   0x0000000000414a94       0x50 shell/lib.a(ash.o)
 .text.flush_stdout_stderr
                0x0000000000414ae4       0x50 shell/lib.a(ash.o)
 .text.outcslow
                0x0000000000414b34       0x8c shell/lib.a(ash.o)
 .text.out1fmt  0x0000000000414bc0       0x74 shell/lib.a(ash.o)
 .text.fmtstr   0x0000000000414c34       0x6c shell/lib.a(ash.o)
 .text.out1str  0x0000000000414ca0       0x24 shell/lib.a(ash.o)
 .text.out2str  0x0000000000414cc4       0x48 shell/lib.a(ash.o)
 .text.freefunc
                0x0000000000414d0c       0x38 shell/lib.a(ash.o)
 .text.ash_vmsg
                0x0000000000414d44      0x130 shell/lib.a(ash.o)
 .text.ash_vmsg_and_raise
                0x0000000000414e74       0x5c shell/lib.a(ash.o)
 .text.ash_msg_and_raise_error
                0x0000000000414ed0       0x3c shell/lib.a(ash.o)
 .text.raise_error_syntax
                0x0000000000414f0c       0x30 shell/lib.a(ash.o)
 .text.ash_msg_and_raise
                0x0000000000414f3c       0x30 shell/lib.a(ash.o)
 .text.ash_msg  0x0000000000414f6c       0x44 shell/lib.a(ash.o)
 .text.errmsg   0x0000000000414fb0       0x38 shell/lib.a(ash.o)
 .text.stalloc  0x0000000000414fe8      0x104 shell/lib.a(ash.o)
 .text.stzalloc
                0x00000000004150ec       0x50 shell/lib.a(ash.o)
 .text.stunalloc
                0x000000000041513c       0x30 shell/lib.a(ash.o)
 .text.ststrdup
                0x000000000041516c       0x6c shell/lib.a(ash.o)
 .text.setstackmark
                0x00000000004151d8       0x3c shell/lib.a(ash.o)
 .text.popstackmark
                0x0000000000415214       0xe4 shell/lib.a(ash.o)
 .text.growstackblock
                0x00000000004152f8      0x198 shell/lib.a(ash.o)
 .text.growstackstr
                0x0000000000415490       0x9c shell/lib.a(ash.o)
 .text.makestrspace
                0x000000000041552c       0x8c shell/lib.a(ash.o)
 .text.stack_nputstr
                0x00000000004155b8       0x70 shell/lib.a(ash.o)
 .text.stack_putstr
                0x0000000000415628       0x5c shell/lib.a(ash.o)
 .text._STPUTC  0x0000000000415684       0x60 shell/lib.a(ash.o)
 .text.prefix   0x00000000004156e4       0x2c shell/lib.a(ash.o)
 .text.is_number
                0x0000000000415710       0x38 shell/lib.a(ash.o)
 .text.number   0x0000000000415748       0x64 shell/lib.a(ash.o)
 .text.single_quote
                0x00000000004157ac      0x140 shell/lib.a(ash.o)
 .text.nextopt  0x00000000004158ec      0x13c shell/lib.a(ash.o)
 .text.freeparam
                0x0000000000415a28       0x8c shell/lib.a(ash.o)
 .text.getoptsreset
                0x0000000000415ab4       0x54 shell/lib.a(ash.o)
 .text.varcmp   0x0000000000415b08       0x54 shell/lib.a(ash.o)
 .text.hashvar  0x0000000000415b5c       0x98 shell/lib.a(ash.o)
 .text.vpcmp    0x0000000000415bf4       0x24 shell/lib.a(ash.o)
 .text.findvar  0x0000000000415c18       0x78 shell/lib.a(ash.o)
 .text.lookupvar
                0x0000000000415c90       0x90 shell/lib.a(ash.o)
 .text.bltinlookup
                0x0000000000415d20       0x8c shell/lib.a(ash.o)
 .text.setvareq
                0x0000000000415dac      0x1bc shell/lib.a(ash.o)
 .text.setvar   0x0000000000415f68      0x170 shell/lib.a(ash.o)
 .text.setvar2  0x00000000004160d8       0x1c shell/lib.a(ash.o)
 .text.setvarsafe
                0x00000000004160f4       0xd8 shell/lib.a(ash.o)
 .text.unsetvar
                0x00000000004161cc      0x134 shell/lib.a(ash.o)
 .text.listsetvar
                0x0000000000416300       0x94 shell/lib.a(ash.o)
 .text.listvars
                0x0000000000416394      0x144 shell/lib.a(ash.o)
 .text.path_advance
                0x00000000004164d8      0x1fc shell/lib.a(ash.o)
 .text.cdopt    0x00000000004166d4       0x74 shell/lib.a(ash.o)
 .text.setpwd   0x0000000000416748      0x184 shell/lib.a(ash.o)
 .text.cdcmd    0x00000000004168cc      0x50c shell/lib.a(ash.o)
 .text.pwdcmd   0x0000000000416dd8       0xa4 shell/lib.a(ash.o)
 .text.__lookupalias
                0x0000000000416e7c       0xdc shell/lib.a(ash.o)
 .text.lookupalias
                0x0000000000416f58       0x6c shell/lib.a(ash.o)
 .text.freealias
                0x0000000000416fc4       0x94 shell/lib.a(ash.o)
 .text.unalias  0x0000000000417058       0x98 shell/lib.a(ash.o)
 .text.printalias
                0x00000000004170f0       0x64 shell/lib.a(ash.o)
 .text.aliascmd
                0x0000000000417154      0x224 shell/lib.a(ash.o)
 .text.unaliascmd
                0x0000000000417378      0x178 shell/lib.a(ash.o)
 .text.ignoresig
                0x00000000004174f0       0x68 shell/lib.a(ash.o)
 .text.signal_handler
                0x0000000000417558       0x84 shell/lib.a(ash.o)
 .text.setsignal
                0x00000000004175dc      0x210 shell/lib.a(ash.o)
 .text.set_curjob
                0x00000000004177ec       0x7c shell/lib.a(ash.o)
 .text.jobno    0x0000000000417868       0x34 shell/lib.a(ash.o)
 .text.getjob   0x000000000041789c      0x208 shell/lib.a(ash.o)
 .text.freejob  0x0000000000417aa4       0xe8 shell/lib.a(ash.o)
 .text.xtcsetpgrp
                0x0000000000417b8c       0x50 shell/lib.a(ash.o)
 .text.setjobctl
                0x0000000000417bdc      0x288 shell/lib.a(ash.o)
 .text.killcmd  0x0000000000417e64      0x19c shell/lib.a(ash.o)
 .text.sprint_status
                0x0000000000418000      0x13c shell/lib.a(ash.o)
 .text.dowait   0x000000000041813c      0x200 shell/lib.a(ash.o)
 .text.blocking_wait_with_raise_on_sig
                0x000000000041833c       0x6c shell/lib.a(ash.o)
 .text.showjob  0x00000000004183a8      0x2dc shell/lib.a(ash.o)
 .text.showjobs
                0x0000000000418684       0xb8 shell/lib.a(ash.o)
 .text.jobscmd  0x000000000041873c       0xf0 shell/lib.a(ash.o)
 .text.getstatus
                0x000000000041882c       0xa8 shell/lib.a(ash.o)
 .text.waitforjob
                0x00000000004188d4      0x128 shell/lib.a(ash.o)
 .text.fg_bgcmd
                0x00000000004189fc      0x260 shell/lib.a(ash.o)
 .text.waitcmd  0x0000000000418c5c      0x1bc shell/lib.a(ash.o)
 .text.makejob  0x0000000000418e18      0x208 shell/lib.a(ash.o)
 .text.cmdputs  0x0000000000419020      0x29c shell/lib.a(ash.o)
 .text.cmdtxt   0x00000000004192bc      0x50c shell/lib.a(ash.o)
 .text.cmdlist  0x00000000004197c8       0xb0 shell/lib.a(ash.o)
 .text.stoppedjobs
                0x0000000000419878       0x88 shell/lib.a(ash.o)
 .text.copyfd   0x0000000000419900       0xb0 shell/lib.a(ash.o)
 .text.need_to_remember
                0x00000000004199b0       0x4c shell/lib.a(ash.o)
 .text.is_hidden_fd
                0x00000000004199fc       0x9c shell/lib.a(ash.o)
 .text.popredir
                0x0000000000419a98      0x194 shell/lib.a(ash.o)
 .text.clearredir
                0x0000000000419c2c       0x68 shell/lib.a(ash.o)
 .text.ash_arith
                0x0000000000419c94       0xb0 shell/lib.a(ash.o)
 .text.cvtnum   0x0000000000419d44       0x98 shell/lib.a(ash.o)
 .text.esclen   0x0000000000419ddc       0x48 shell/lib.a(ash.o)
 .text.rmescapes
                0x0000000000419e24      0x1f8 shell/lib.a(ash.o)
 .text.preglob  0x000000000041a01c       0x28 shell/lib.a(ash.o)
 .text.memtodest
                0x000000000041a044      0x114 shell/lib.a(ash.o)
 .text.recordregion
                0x000000000041a158       0xbc shell/lib.a(ash.o)
 .text.removerecordregions
                0x000000000041a214      0x1b8 shell/lib.a(ash.o)
 .text.scanleft
                0x000000000041a3cc       0xd8 shell/lib.a(ash.o)
 .text.scanright
                0x000000000041a4a4      0x1b0 shell/lib.a(ash.o)
 .text.varunset
                0x000000000041a654       0x84 shell/lib.a(ash.o)
 .text.varvalue
                0x000000000041a6d8      0x4b8 shell/lib.a(ash.o)
 .text.addfname
                0x000000000041ab90       0x7c shell/lib.a(ash.o)
 .text.expmeta  0x000000000041ac0c      0x390 shell/lib.a(ash.o)
 .text.msort    0x000000000041af9c      0x120 shell/lib.a(ash.o)
 .text.tryexec  0x000000000041b0bc      0x108 shell/lib.a(ash.o)
 .text.shellexec
                0x000000000041b1c4      0x1a0 shell/lib.a(ash.o)
 .text.clearcmdentry
                0x000000000041b364       0xfc shell/lib.a(ash.o)
 .text.cmdlookup
                0x000000000041b460      0x140 shell/lib.a(ash.o)
 .text.delete_cmd_entry
                0x000000000041b5a0       0x94 shell/lib.a(ash.o)
 .text.changepath
                0x000000000041b634      0x144 shell/lib.a(ash.o)
 .text.pstrcmp  0x000000000041b778       0x1c shell/lib.a(ash.o)
 .text.findkwd  0x000000000041b794       0x4c shell/lib.a(ash.o)
 .text.sizenodelist
                0x000000000041b7e0       0x68 shell/lib.a(ash.o)
 .text.calcsize
                0x000000000041b848      0x184 shell/lib.a(ash.o)
 .text.nodeckstrdup
                0x000000000041b9cc       0x80 shell/lib.a(ash.o)
 .text.copynodelist
                0x000000000041ba4c       0x8c shell/lib.a(ash.o)
 .text.copynode
                0x000000000041bad8      0x21c shell/lib.a(ash.o)
 .text.optschanged
                0x000000000041bcf4      0x104 shell/lib.a(ash.o)
 .text.localcmd
                0x000000000041bdf8      0x2b0 shell/lib.a(ash.o)
 .text.falsecmd
                0x000000000041c0a8        0x8 shell/lib.a(ash.o)
 .text.truecmd  0x000000000041c0b0        0x8 shell/lib.a(ash.o)
 .text.execcmd  0x000000000041c0b8       0x80 shell/lib.a(ash.o)
 .text.returncmd
                0x000000000041c138       0x54 shell/lib.a(ash.o)
 .text.echocmd  0x000000000041c18c       0x18 shell/lib.a(ash.o)
 .text.printfcmd
                0x000000000041c1a4       0x18 shell/lib.a(ash.o)
 .text.testcmd  0x000000000041c1bc       0x18 shell/lib.a(ash.o)
 .text.find_builtin
                0x000000000041c1d4       0x4c shell/lib.a(ash.o)
 .text.isassignment
                0x000000000041c220       0x54 shell/lib.a(ash.o)
 .text.bltincmd
                0x000000000041c274       0x1c shell/lib.a(ash.o)
 .text.evalbltin
                0x000000000041c290      0x130 shell/lib.a(ash.o)
 .text.goodname
                0x000000000041c3c0       0x3c shell/lib.a(ash.o)
 .text.breakcmd
                0x000000000041c3fc       0xb4 shell/lib.a(ash.o)
 .text.pushstring
                0x000000000041c4b0       0xe8 shell/lib.a(ash.o)
 .text.popstring
                0x000000000041c598      0x124 shell/lib.a(ash.o)
 .text.preadbuffer
                0x000000000041c6bc      0x340 shell/lib.a(ash.o)
 .text.pgetc    0x000000000041c9fc       0x48 shell/lib.a(ash.o)
 .text.pgetc_without_PEOA
                0x000000000041ca44       0x74 shell/lib.a(ash.o)
 .text.pungetc  0x000000000041cab8       0x30 shell/lib.a(ash.o)
 .text.pushfile
                0x000000000041cae8       0x4c shell/lib.a(ash.o)
 .text.popfile  0x000000000041cb34       0xc0 shell/lib.a(ash.o)
 .text.popallfiles
                0x000000000041cbf4       0x6c shell/lib.a(ash.o)
 .text.forkchild
                0x000000000041cc60      0x4d8 shell/lib.a(ash.o)
 .text.forkshell
                0x000000000041d138      0x208 shell/lib.a(ash.o)
 .text.setinputfile
                0x000000000041d340      0x178 shell/lib.a(ash.o)
 .text.setinputstring
                0x000000000041d4b8       0x94 shell/lib.a(ash.o)
 .text.setparam
                0x000000000041d54c       0xf0 shell/lib.a(ash.o)
 .text.options  0x000000000041d63c      0x358 shell/lib.a(ash.o)
 .text.shiftcmd
                0x000000000041d994      0x118 shell/lib.a(ash.o)
 .text.showvars
                0x000000000041daac      0x13c shell/lib.a(ash.o)
 .text.setcmd   0x000000000041dbe8       0xe0 shell/lib.a(ash.o)
 .text.getoptscmd
                0x000000000041dcc8      0x43c shell/lib.a(ash.o)
 .text.tokname  0x000000000041e104       0x80 shell/lib.a(ash.o)
 .text.raise_error_unexpected_syntax
                0x000000000041e184       0xb8 shell/lib.a(ash.o)
 .text.makename
                0x000000000041e23c       0x58 shell/lib.a(ash.o)
 .text.fixredir
                0x000000000041e294       0xe8 shell/lib.a(ash.o)
 .text.parsecmd
                0x000000000041e37c       0xac shell/lib.a(ash.o)
 .text.evalstring
                0x000000000041e428       0xe4 shell/lib.a(ash.o)
 .text.evaltree
                0x000000000041e50c      0x528 shell/lib.a(ash.o)
 .text.argstr   0x000000000041ea34      0x890 shell/lib.a(ash.o)
 .text.expandarg
                0x000000000041f2c4      0x5b0 shell/lib.a(ash.o)
 .text.expandstr
                0x000000000041f874       0xd4 shell/lib.a(ash.o)
 .text.setprompt_if
                0x000000000041f948      0x124 shell/lib.a(ash.o)
 .text.xxreadtoken
                0x000000000041fa6c      0x2e0 shell/lib.a(ash.o)
 .text.readtoken
                0x000000000041fd4c      0x170 shell/lib.a(ash.o)
 .text.parsefname
                0x000000000041febc      0x1f0 shell/lib.a(ash.o)
 .text.peektoken
                0x00000000004200ac       0x5c shell/lib.a(ash.o)
 .text.list     0x0000000000420108      0x2cc shell/lib.a(ash.o)
 .text.readtoken1
                0x00000000004203d4     0x1550 shell/lib.a(ash.o)
 .text.parseheredoc
                0x0000000000421924       0xec shell/lib.a(ash.o)
 .text.parse_command
                0x0000000000421a10      0x9c8 shell/lib.a(ash.o)
 .text.pipeline
                0x00000000004223d8      0x194 shell/lib.a(ash.o)
 .text.expredir
                0x000000000042256c      0x130 shell/lib.a(ash.o)
 .text.redirect
                0x000000000042269c      0x76c shell/lib.a(ash.o)
 .text.redirectsafe
                0x0000000000422e08       0xf8 shell/lib.a(ash.o)
 .text.evalsubshell
                0x0000000000422f00      0x160 shell/lib.a(ash.o)
 .text.subevalvar
                0x0000000000423060      0x77c shell/lib.a(ash.o)
 .text.evalvar  0x00000000004237dc      0x3c4 shell/lib.a(ash.o)
 .text.evalcase
                0x0000000000423ba0      0x224 shell/lib.a(ash.o)
 .text.evalloop
                0x0000000000423dc4      0x158 shell/lib.a(ash.o)
 .text.evalfor  0x0000000000423f1c      0x1a8 shell/lib.a(ash.o)
 .text.evalfun  0x00000000004240c4      0x3f4 shell/lib.a(ash.o)
 .text.evalcmd  0x00000000004244b8      0x108 shell/lib.a(ash.o)
 .text.cmdloop  0x00000000004245c0      0x174 shell/lib.a(ash.o)
 .text.dotcmd   0x0000000000424734      0x254 shell/lib.a(ash.o)
 .text.exitcmd  0x0000000000424988       0x80 shell/lib.a(ash.o)
 .text.find_command
                0x0000000000424a08      0x578 shell/lib.a(ash.o)
 .text.describe_command
                0x0000000000424f80      0x30c shell/lib.a(ash.o)
 .text.typecmd  0x000000000042528c       0xac shell/lib.a(ash.o)
 .text.commandcmd
                0x0000000000425338       0xac shell/lib.a(ash.o)
 .text.hashcmd  0x00000000004253e4      0x22c shell/lib.a(ash.o)
 .text.evalpipe
                0x0000000000425610      0x2b0 shell/lib.a(ash.o)
 .text.evalcommand
                0x00000000004258c0      0x754 shell/lib.a(ash.o)
 .text.trapcmd  0x0000000000426014      0x214 shell/lib.a(ash.o)
 .text.helpcmd  0x0000000000426228       0xe8 shell/lib.a(ash.o)
 .text.exportcmd
                0x0000000000426310      0x1a8 shell/lib.a(ash.o)
 .text.unsetcmd
                0x00000000004264b8      0x10c shell/lib.a(ash.o)
 .text.timescmd
                0x00000000004265c4      0x100 shell/lib.a(ash.o)
 .text.letcmd   0x00000000004266c4       0x7c shell/lib.a(ash.o)
 .text.readcmd  0x0000000000426740      0x15c shell/lib.a(ash.o)
 .text.umaskcmd
                0x000000000042689c      0x26c shell/lib.a(ash.o)
 .text.ulimitcmd
                0x0000000000426b08       0x18 shell/lib.a(ash.o)
 .text.exitshell
                0x0000000000426b20       0xe4 shell/lib.a(ash.o)
 .text.read_profile
                0x0000000000426c04       0x88 shell/lib.a(ash.o)
 .text.ash_main
                0x0000000000426c8c      0x7f0 shell/lib.a(ash.o)
                0x0000000000426c8c                ash_main
 .text.endofname
                0x000000000042747c       0x78 shell/lib.a(math.o)
                0x000000000042747c                endofname
 .text.evaluate_string
                0x00000000004274f4      0x430 shell/lib.a(math.o)
 .text.arith_lookup_val
                0x0000000000427924      0x110 shell/lib.a(math.o)
 .text.arith_apply
                0x0000000000427a34      0x65c shell/lib.a(math.o)
 .text.arith    0x0000000000428090       0x20 shell/lib.a(math.o)
                0x0000000000428090                arith
 .text.is_well_formed_var_name
                0x00000000004280b0       0x80 shell/lib.a(shell_common.o)
                0x00000000004280b0                is_well_formed_var_name
 .text.shell_builtin_read
                0x0000000000428130      0x634 shell/lib.a(shell_common.o)
                0x0000000000428130                shell_builtin_read
 .text.printlim
                0x0000000000428764       0xa4 shell/lib.a(shell_common.o)
 .text.shell_builtin_ulimit
                0x0000000000428808      0x328 shell/lib.a(shell_common.o)
                0x0000000000428808                shell_builtin_ulimit
 .text.klogd_main
                0x0000000000428b30      0x2ec sysklogd/lib.a(klogd.o)
                0x0000000000428b30                klogd_main
 .text.error_exit
                0x0000000000428e1c       0x44 sysklogd/lib.a(logread.o)
 .text.sem_up   0x0000000000428e60       0x58 sysklogd/lib.a(logread.o)
 .text.interrupted
                0x0000000000428eb8       0x50 sysklogd/lib.a(logread.o)
 .text.logread_main
                0x0000000000428f08      0x32c sysklogd/lib.a(logread.o)
                0x0000000000428f08                logread_main
 .text.find_by_val
                0x0000000000429234       0x30 sysklogd/lib.a(syslogd_and_logger.o)
 .text.timestamp_and_log
                0x0000000000429264      0x580 sysklogd/lib.a(syslogd_and_logger.o)
 .text.timestamp_and_log_internal
                0x00000000004297e4       0x40 sysklogd/lib.a(syslogd_and_logger.o)
 .text.create_socket
                0x0000000000429824      0x130 sysklogd/lib.a(syslogd_and_logger.o)
 .text.syslogd_main
                0x0000000000429954      0x838 sysklogd/lib.a(syslogd_and_logger.o)
                0x0000000000429954                syslogd_main
 .text.decode   0x000000000042a18c       0xa4 sysklogd/lib.a(syslogd_and_logger.o)
 .text.logger_main
                0x000000000042a230      0x2c4 sysklogd/lib.a(syslogd_and_logger.o)
                0x000000000042a230                logger_main
 .text.dmesg_main
                0x000000000042a4f4      0x1e4 util-linux/lib.a(dmesg.o)
                0x000000000042a4f4                dmesg_main
 .text.read_rtc
                0x000000000042a6d8       0x68 util-linux/lib.a(hwclock.o)
 .text.hwclock_main
                0x000000000042a740      0x2c0 util-linux/lib.a(hwclock.o)
                0x000000000042a740                hwclock_main
 .text.append_mount_options
                0x000000000042aa00      0x17c util-linux/lib.a(mount.o)
 .text.parse_mount_options
                0x000000000042ab7c      0x19c util-linux/lib.a(mount.o)
 .text.mount_it_now
                0x000000000042ad18      0x1d4 util-linux/lib.a(mount.o)
 .text.singlemount
                0x000000000042aeec      0x568 util-linux/lib.a(mount.o)
 .text.mount_main
                0x000000000042b454      0x6c8 util-linux/lib.a(mount.o)
                0x000000000042b454                mount_main
 .text.delete_contents
                0x000000000042bb1c      0x170 util-linux/lib.a(switch_root.o)
 .text.switch_root_main
                0x000000000042bc8c      0x27c util-linux/lib.a(switch_root.o)
                0x000000000042bc8c                switch_root_main
 .text.umount_main
                0x000000000042bf08      0x3cc util-linux/lib.a(umount.o)
                0x000000000042bf08                umount_main
 .text.gnu_dev_major
                0x000000000042c2d4       0x24 archival/lib.a(tar.o)
 .text.gnu_dev_minor
                0x000000000042c2f8       0x20 archival/lib.a(tar.o)
 .text.putOctal
                0x000000000042c318       0x98 archival/lib.a(tar.o)
 .text.chksum_and_xwrite
                0x000000000042c3b0       0xf8 archival/lib.a(tar.o)
 .text.writeLongname
                0x000000000042c4a8      0x1a8 archival/lib.a(tar.o)
 .text.writeFileToTarball
                0x000000000042c650      0x78c archival/lib.a(tar.o)
 .text.vfork_compressor
                0x000000000042cddc      0x1b4 archival/lib.a(tar.o)
 .text.writeTarFile
                0x000000000042cf90      0x1b0 archival/lib.a(tar.o)
 .text.append_file_list_to_list
                0x000000000042d140       0xe0 archival/lib.a(tar.o)
 .text.tar_main
                0x000000000042d220      0x4f8 archival/lib.a(tar.o)
                0x000000000042d220                tar_main
 .text.data_extract_all
                0x000000000042d718      0x5a4 archival/libarchive/lib.a(data_extract_all.o)
                0x000000000042d718                data_extract_all
 .text.xputenv  0x000000000042dcbc       0x4c archival/libarchive/lib.a(data_extract_to_command.o)
 .text.str2env  0x000000000042dd08       0x74 archival/libarchive/lib.a(data_extract_to_command.o)
 .text.dec2env  0x000000000042dd7c       0x74 archival/libarchive/lib.a(data_extract_to_command.o)
 .text.data_extract_to_command
                0x000000000042ddf0      0x2ec archival/libarchive/lib.a(data_extract_to_command.o)
                0x000000000042ddf0                data_extract_to_command
 .text.data_extract_to_stdout
                0x000000000042e0dc       0x28 archival/libarchive/lib.a(data_extract_to_stdout.o)
                0x000000000042e0dc                data_extract_to_stdout
 .text.data_skip
                0x000000000042e104       0x20 archival/libarchive/lib.a(data_skip.o)
                0x000000000042e104                data_skip
 .text.get_bits
                0x000000000042e124      0x120 archival/libarchive/lib.a(decompress_bunzip2.o)
 .text.read_bunzip
                0x000000000042e244      0xa34 archival/libarchive/lib.a(decompress_bunzip2.o)
                0x000000000042e244                read_bunzip
 .text.start_bunzip
                0x000000000042ec78      0x198 archival/libarchive/lib.a(decompress_bunzip2.o)
                0x000000000042ec78                start_bunzip
 .text.dealloc_bunzip
                0x000000000042ee10       0x4c archival/libarchive/lib.a(decompress_bunzip2.o)
                0x000000000042ee10                dealloc_bunzip
 .text.filter_accept_reject_list
                0x000000000042ee5c       0x90 archival/libarchive/lib.a(filter_accept_reject_list.o)
                0x000000000042ee5c                filter_accept_reject_list
 .text.find_list_entry
                0x000000000042eeec       0x70 archival/libarchive/lib.a(find_list_entry.o)
                0x000000000042eeec                find_list_entry
 .text.find_list_entry2
                0x000000000042ef5c       0xf4 archival/libarchive/lib.a(find_list_entry.o)
                0x000000000042ef5c                find_list_entry2
 .text.strip_unsafe_prefix
                0x000000000042f050       0xe8 archival/libarchive/lib.a(get_header_tar.o)
                0x000000000042f050                strip_unsafe_prefix
 .text.getOctal
                0x000000000042f138       0xe4 archival/libarchive/lib.a(get_header_tar.o)
 .text.get_header_tar
                0x000000000042f21c      0x8fc archival/libarchive/lib.a(get_header_tar.o)
                0x000000000042f21c                get_header_tar
 .text.get_header_tar_gz
                0x000000000042fb18       0xb0 archival/libarchive/lib.a(get_header_tar_gz.o)
                0x000000000042fb18                get_header_tar_gz
 .text.header_list
                0x000000000042fbc8       0x1c archival/libarchive/lib.a(header_list.o)
                0x000000000042fbc8                header_list
 .text.header_verbose_list
                0x000000000042fbe4      0x15c archival/libarchive/lib.a(header_verbose_list.o)
                0x000000000042fbe4                header_verbose_list
 .text.init_handle
                0x000000000042fd40       0x78 archival/libarchive/lib.a(init_handle.o)
                0x000000000042fd40                init_handle
 .text.open_transformer
                0x000000000042fdb8       0xb8 archival/libarchive/lib.a(open_transformer.o)
                0x000000000042fdb8                open_transformer
 .text.seek_by_jump
                0x000000000042fe70       0xc0 archival/libarchive/lib.a(seek_by_jump.o)
                0x000000000042fe70                seek_by_jump
 .text.seek_by_read
                0x000000000042ff30       0x2c archival/libarchive/lib.a(seek_by_read.o)
                0x000000000042ff30                seek_by_read
 .text.data_align
                0x000000000042ff5c       0xe8 archival/libarchive/lib.a(data_align.o)
                0x000000000042ff5c                data_align
 .text.huft_free
                0x0000000000430044       0x54 archival/libarchive/lib.a(decompress_unzip.o)
 .text.huft_free_all
                0x0000000000430098       0x6c archival/libarchive/lib.a(decompress_unzip.o)
 .text.abort_unzip
                0x0000000000430104       0x40 archival/libarchive/lib.a(decompress_unzip.o)
 .text.fill_bitbuffer
                0x0000000000430144      0x154 archival/libarchive/lib.a(decompress_unzip.o)
 .text.huft_build
                0x0000000000430298      0x5b4 archival/libarchive/lib.a(decompress_unzip.o)
 .text.inflate_codes_setup
                0x000000000043084c       0x58 archival/libarchive/lib.a(decompress_unzip.o)
 .text.inflate_codes
                0x00000000004308a4      0x43c archival/libarchive/lib.a(decompress_unzip.o)
 .text.calculate_gunzip_crc
                0x0000000000430ce0       0x7c archival/libarchive/lib.a(decompress_unzip.o)
 .text.inflate_unzip_internal
                0x0000000000430d5c      0xa9c archival/libarchive/lib.a(decompress_unzip.o)
 .text.top_up   0x00000000004317f8       0xd8 archival/libarchive/lib.a(decompress_unzip.o)
 .text.buffer_read_le_u32
                0x00000000004318d0       0x40 archival/libarchive/lib.a(decompress_unzip.o)
 .text.unpack_gz_stream_with_info
                0x0000000000431910      0x418 archival/libarchive/lib.a(decompress_unzip.o)
                0x0000000000431910                unpack_gz_stream_with_info
 .text.unpack_gz_stream
                0x0000000000431d28       0x18 archival/libarchive/lib.a(decompress_unzip.o)
                0x0000000000431d28                unpack_gz_stream
 .text.filter_accept_all
                0x0000000000431d40       0x10 archival/libarchive/lib.a(filter_accept_all.o)
                0x0000000000431d40                filter_accept_all
 .text.header_skip
                0x0000000000431d50        0x8 archival/libarchive/lib.a(header_skip.o)
                0x0000000000431d50                header_skip
 .text.clear_main
                0x0000000000431d58       0x40 console-tools/lib.a(clear.o)
                0x0000000000431d58                clear_main
 .text.basename_main
                0x0000000000431d98      0x144 coreutils/lib.a(basename.o)
                0x0000000000431d98                basename_main
 .text.bb_cat   0x0000000000431edc       0xc8 coreutils/lib.a(cat.o)
                0x0000000000431edc                bb_cat
 .text.cat_main
                0x0000000000431fa4       0x5c coreutils/lib.a(cat.o)
                0x0000000000431fa4                cat_main
 .text.fileAction
                0x0000000000432000       0xf0 coreutils/lib.a(chmod.o)
 .text.chmod_main
                0x00000000004320f0      0x144 coreutils/lib.a(chmod.o)
                0x00000000004320f0                chmod_main
 .text.cp_main  0x0000000000432234      0x1b8 coreutils/lib.a(cp.o)
                0x0000000000432234                cp_main
 .text.maybe_set_utc
                0x00000000004323ec       0x30 coreutils/lib.a(date.o)
 .text.date_main
                0x000000000043241c      0x5b4 coreutils/lib.a(date.o)
                0x000000000043241c                date_main
 .text.df_main  0x00000000004329d0      0x42c coreutils/lib.a(df.o)
                0x00000000004329d0                df_main
 .text.echo_main
                0x0000000000432dfc      0x238 coreutils/lib.a(echo.o)
                0x0000000000432dfc                echo_main
 .text.ln_main  0x0000000000433034      0x2f0 coreutils/lib.a(ln.o)
                0x0000000000433034                ln_main
 .text.print_name
                0x0000000000433324      0x1c0 coreutils/lib.a(ls.o)
 .text.display_single
                0x00000000004334e4      0x454 coreutils/lib.a(ls.o)
 .text.display_files
                0x0000000000433938      0x2c0 coreutils/lib.a(ls.o)
 .text.my_stat  0x0000000000433bf8      0x1b8 coreutils/lib.a(ls.o)
 .text.count_dirs
                0x0000000000433db0       0x94 coreutils/lib.a(ls.o)
 .text.dnalloc  0x0000000000433e44       0x28 coreutils/lib.a(ls.o)
 .text.splitdnarray
                0x0000000000433e6c      0x108 coreutils/lib.a(ls.o)
 .text.scan_and_display_dirs_recur
                0x0000000000433f74      0x260 coreutils/lib.a(ls.o)
 .text.ls_main  0x00000000004341d4      0x370 coreutils/lib.a(ls.o)
                0x00000000004341d4                ls_main
 .text.mkdir_main
                0x0000000000434544      0x118 coreutils/lib.a(mkdir.o)
                0x0000000000434544                mkdir_main
 .text.mknod_main
                0x000000000043465c      0x180 coreutils/lib.a(mknod.o)
                0x000000000043465c                mknod_main
 .text.mv_main  0x00000000004347dc      0x32c coreutils/lib.a(mv.o)
                0x00000000004347dc                mv_main
 .text.multiconvert
                0x0000000000434b08       0xc8 coreutils/lib.a(printf.o)
 .text.conv_strtoull
                0x0000000000434bd0       0x8c coreutils/lib.a(printf.o)
 .text.conv_strtoll
                0x0000000000434c5c       0x4c coreutils/lib.a(printf.o)
 .text.conv_strtod
                0x0000000000434ca8       0x70 coreutils/lib.a(printf.o)
 .text.print_direc
                0x0000000000434d18      0x350 coreutils/lib.a(printf.o)
 .text.get_width_prec
                0x0000000000435068       0x7c coreutils/lib.a(printf.o)
 .text.printf_main
                0x00000000004350e4      0x5bc coreutils/lib.a(printf.o)
                0x00000000004350e4                printf_main
 .text.pwd_main
                0x00000000004356a0       0x80 coreutils/lib.a(pwd.o)
                0x00000000004356a0                pwd_main
 .text.rm_main  0x0000000000435720      0x160 coreutils/lib.a(rm.o)
                0x0000000000435720                rm_main
 .text.sleep_main
                0x0000000000435880       0x98 coreutils/lib.a(sleep.o)
                0x0000000000435880                sleep_main
 .text.sync_main
                0x0000000000435918       0x38 coreutils/lib.a(sync.o)
                0x0000000000435918                sync_main
 .text.syntax   0x0000000000435950       0x74 coreutils/lib.a(test.o)
 .text.getn     0x00000000004359c4       0xc0 coreutils/lib.a(test.o)
 .text.check_operator
                0x0000000000435a84       0x8c coreutils/lib.a(test.o)
 .text.binop    0x0000000000435b10      0x250 coreutils/lib.a(test.o)
 .text.nexpr    0x0000000000435d60      0x584 coreutils/lib.a(test.o)
 .text.aexpr    0x00000000004362e4       0xe4 coreutils/lib.a(test.o)
 .text.oexpr    0x00000000004363c8       0xec coreutils/lib.a(test.o)
 .text.test_main
                0x00000000004364b4      0x1d8 coreutils/lib.a(test.o)
                0x00000000004364b4                test_main
 .text.touch_main
                0x000000000043668c      0x10c coreutils/lib.a(touch.o)
                0x000000000043668c                touch_main
 .text.uname_main
                0x0000000000436798      0x16c coreutils/lib.a(uname.o)
                0x0000000000436798                uname_main
 .text.cp_mv_stat2
                0x0000000000436904       0xa4 coreutils/libcoreutils/lib.a(cp_mv_stat.o)
                0x0000000000436904                cp_mv_stat2
 .text.cp_mv_stat
                0x00000000004369a8       0x1c coreutils/libcoreutils/lib.a(cp_mv_stat.o)
                0x00000000004369a8                cp_mv_stat
 .text.getopt_mk_fifo_nod
                0x00000000004369c4       0x84 coreutils/libcoreutils/lib.a(getopt_mk_fifo_nod.o)
                0x00000000004369c4                getopt_mk_fifo_nod
 .text.halt_main
                0x0000000000436a48      0x140 init/lib.a(halt.o)
                0x0000000000436a48                halt_main
 .text.message  0x0000000000436b88      0x128 init/lib.a(init.o)
 .text.set_sane_term
                0x0000000000436cb0       0xbc init/lib.a(init.o)
 .text.open_stdio_to_tty
                0x0000000000436d6c       0xf8 init/lib.a(init.o)
 .text.reset_sighandlers_and_unblock_sigs
                0x0000000000436e64       0x44 init/lib.a(init.o)
 .text.init_exec
                0x0000000000436ea8      0x174 init/lib.a(init.o)
 .text.run      0x000000000043701c      0x1b8 init/lib.a(init.o)
 .text.mark_terminated
                0x00000000004371d4       0x4c init/lib.a(init.o)
 .text.run_actions
                0x0000000000437220      0x13c init/lib.a(init.o)
 .text.new_init_action
                0x000000000043735c      0x11c init/lib.a(init.o)
 .text.parse_inittab
                0x0000000000437478      0x260 init/lib.a(init.o)
 .text.pause_and_low_level_reboot
                0x00000000004376d8       0x7c init/lib.a(init.o)
 .text.run_shutdown_and_kill_processes
                0x0000000000437754       0xf0 init/lib.a(init.o)
 .text.halt_reboot_pwoff
                0x0000000000437844       0xb8 init/lib.a(init.o)
 .text.restart_handler
                0x00000000004378fc       0xd4 init/lib.a(init.o)
 .text.stop_handler
                0x00000000004379d0       0xd8 init/lib.a(init.o)
 .text.check_delayed_sigs
                0x0000000000437aa8      0x128 init/lib.a(init.o)
 .text.init_main
                0x0000000000437bd0      0x5bc init/lib.a(init.o)
                0x0000000000437bd0                init_main
 .text.bb_ask_confirmation
                0x000000000043818c       0xb0 libbb/lib.a(ask_confirmation.o)
                0x000000000043818c                bb_ask_confirmation
 .text.uid2uname
                0x000000000043823c       0x44 libbb/lib.a(bb_pwd.o)
                0x000000000043823c                uid2uname
 .text.gid2group
                0x0000000000438280       0x44 libbb/lib.a(bb_pwd.o)
                0x0000000000438280                gid2group
 .text.uid2uname_utoa
                0x00000000004382c4       0x58 libbb/lib.a(bb_pwd.o)
                0x00000000004382c4                uid2uname_utoa
 .text.gid2group_utoa
                0x000000000043831c       0x58 libbb/lib.a(bb_pwd.o)
                0x000000000043831c                gid2group_utoa
 .text.index_in_strings
                0x0000000000438374       0x98 libbb/lib.a(compare_string_array.o)
                0x0000000000438374                index_in_strings
 .text.index_in_substrings
                0x000000000043840c       0xdc libbb/lib.a(compare_string_array.o)
                0x000000000043840c                index_in_substrings
 .text.concat_path_file
                0x00000000004384e8       0xb4 libbb/lib.a(concat_path_file.o)
                0x00000000004384e8                concat_path_file
 .text.ask_and_unlink
                0x000000000043859c       0xd8 libbb/lib.a(copy_file.o)
 .text.copy_file
                0x0000000000438674      0x870 libbb/lib.a(copy_file.o)
                0x0000000000438674                copy_file
 .text.crc32_filltable
                0x0000000000438ee4       0xcc libbb/lib.a(crc32.o)
                0x0000000000438ee4                crc32_filltable
 .text.crc32_block_endian0
                0x0000000000438fb0       0x38 libbb/lib.a(crc32.o)
                0x0000000000438fb0                crc32_block_endian0
 .text.create_icmp_socket
                0x0000000000438fe8       0xa8 libbb/lib.a(create_icmp_socket.o)
                0x0000000000438fe8                create_icmp_socket
 .text.device_open
                0x0000000000439090       0xb4 libbb/lib.a(device_open.o)
                0x0000000000439090                device_open
 .text.BB_EXECVP
                0x0000000000439144       0x70 libbb/lib.a(execable.o)
                0x0000000000439144                BB_EXECVP
 .text.fflush_stdout_and_exit
                0x00000000004391b4       0x7c libbb/lib.a(fflush_stdout_and_exit.o)
                0x00000000004391b4                fflush_stdout_and_exit
 .text.find_mount_point
                0x0000000000439230      0x1bc libbb/lib.a(find_mount_point.o)
                0x0000000000439230                find_mount_point
 .text.find_pid_by_name
                0x00000000004393ec      0x1c8 libbb/lib.a(find_pid_by_name.o)
                0x00000000004393ec                find_pid_by_name
 .text.pidlist_reverse
                0x00000000004395b4       0x74 libbb/lib.a(find_pid_by_name.o)
                0x00000000004395b4                pidlist_reverse
 .text.bb_get_chunk_from_file
                0x0000000000439628      0x11c libbb/lib.a(get_line_from_file.o)
                0x0000000000439628                bb_get_chunk_from_file
 .text.xmalloc_fgetline
                0x0000000000439744       0x60 libbb/lib.a(get_line_from_file.o)
                0x0000000000439744                xmalloc_fgetline
 .text.get_shell_name
                0x00000000004397a4       0x98 libbb/lib.a(get_shell_name.o)
                0x00000000004397a4                get_shell_name
 .text.getopt32
                0x000000000043983c      0x7f4 libbb/lib.a(getopt32.o)
                0x000000000043983c                getopt32
 .text.make_human_readable_str
                0x000000000043a030      0x204 libbb/lib.a(human_readable.o)
                0x000000000043a030                make_human_readable_str
 .text.smart_ulltoa5
                0x000000000043a234      0x308 libbb/lib.a(human_readable.o)
                0x000000000043a234                smart_ulltoa5
 .text.INET_resolve
                0x000000000043a53c       0xf8 libbb/lib.a(inet_common.o)
                0x000000000043a53c                INET_resolve
 .text.INET_rresolve
                0x000000000043a634      0x220 libbb/lib.a(inet_common.o)
                0x000000000043a634                INET_rresolve
 .text.bb_info_msg
                0x000000000043a854       0xfc libbb/lib.a(info_msg.o)
                0x000000000043a854                bb_info_msg
 .text.is_in_ino_dev_hashtable
                0x000000000043a950       0xc8 libbb/lib.a(inode_hash.o)
                0x000000000043a950                is_in_ino_dev_hashtable
 .text.add_to_ino_dev_hashtable
                0x000000000043aa18      0x114 libbb/lib.a(inode_hash.o)
                0x000000000043aa18                add_to_ino_dev_hashtable
 .text.is_directory
                0x000000000043ab2c       0x7c libbb/lib.a(isdirectory.o)
                0x000000000043ab2c                is_directory
 .text.deinit_S
                0x000000000043aba8       0x88 libbb/lib.a(lineedit.o)
 .text.put_cur_glyph_and_inc_cursor
                0x000000000043ac30       0xb4 libbb/lib.a(lineedit.o)
 .text.put_till_end_and_adv_cursor
                0x000000000043ace4       0x64 libbb/lib.a(lineedit.o)
 .text.goto_new_line
                0x000000000043ad48       0x5c libbb/lib.a(lineedit.o)
 .text.beep     0x000000000043ada4       0x18 libbb/lib.a(lineedit.o)
 .text.put_prompt
                0x000000000043adbc       0x8c libbb/lib.a(lineedit.o)
 .text.input_backward
                0x000000000043ae48      0x140 libbb/lib.a(lineedit.o)
 .text.redraw   0x000000000043af88       0xac libbb/lib.a(lineedit.o)
 .text.input_delete
                0x000000000043b034       0xb8 libbb/lib.a(lineedit.o)
 .text.input_backspace
                0x000000000043b0ec       0x60 libbb/lib.a(lineedit.o)
 .text.input_forward
                0x000000000043b14c       0x40 libbb/lib.a(lineedit.o)
 .text.free_tab_completion_data
                0x000000000043b18c       0xa8 libbb/lib.a(lineedit.o)
 .text.complete_cmd_dir_file
                0x000000000043b234      0x438 libbb/lib.a(lineedit.o)
 .text.remove_chunk
                0x000000000043b66c       0x34 libbb/lib.a(lineedit.o)
 .text.build_match_prefix
                0x000000000043b6a0      0x4d4 libbb/lib.a(lineedit.o)
 .text.is_special_char
                0x000000000043bb74       0x24 libbb/lib.a(lineedit.o)
 .text.quote_special_chars
                0x000000000043bb98       0xb8 libbb/lib.a(lineedit.o)
 .text.input_tab
                0x000000000043bc50      0x668 libbb/lib.a(lineedit.o)
 .text.new_line_input_t
                0x000000000043c2b8       0x4c libbb/lib.a(lineedit.o)
                0x000000000043c2b8                new_line_input_t
 .text.save_command_ps_at_cur_history
                0x000000000043c304       0x8c libbb/lib.a(lineedit.o)
 .text.get_previous_history
                0x000000000043c390       0x9c libbb/lib.a(lineedit.o)
 .text.get_next_history
                0x000000000043c42c       0xa4 libbb/lib.a(lineedit.o)
 .text.parse_and_put_prompt
                0x000000000043c4d0      0x4b0 libbb/lib.a(lineedit.o)
 .text.win_changed
                0x000000000043c980       0xd4 libbb/lib.a(lineedit.o)
 .text.read_line_input
                0x000000000043ca54      0xb68 libbb/lib.a(lineedit.o)
                0x000000000043ca54                read_line_input
 .text.llist_add_to
                0x000000000043d5bc       0x5c libbb/lib.a(llist.o)
                0x000000000043d5bc                llist_add_to
 .text.llist_add_to_end
                0x000000000043d618       0x6c libbb/lib.a(llist.o)
                0x000000000043d618                llist_add_to_end
 .text.llist_pop
                0x000000000043d684       0x5c libbb/lib.a(llist.o)
                0x000000000043d684                llist_pop
 .text.sanitize_env_if_suid
                0x000000000043d6e0       0xa8 libbb/lib.a(login.o)
                0x000000000043d6e0                sanitize_env_if_suid
 .text.del_loop
                0x000000000043d788       0x84 libbb/lib.a(loop.o)
                0x000000000043d788                del_loop
 .text.set_loop
                0x000000000043d80c      0x310 libbb/lib.a(loop.o)
                0x000000000043d80c                set_loop
 .text.bb_make_directory
                0x000000000043db1c      0x260 libbb/lib.a(make_directory.o)
                0x000000000043db1c                bb_make_directory
 .text.bb_makedev
                0x000000000043dd7c       0x74 libbb/lib.a(makedev.o)
                0x000000000043dd7c                bb_makedev
 .text.match_fstype
                0x000000000043ddf0       0xec libbb/lib.a(match_fstype.o)
                0x000000000043ddf0                match_fstype
 .text.bb_mode_string
                0x000000000043dedc       0xd4 libbb/lib.a(mode_string.o)
                0x000000000043dedc                bb_mode_string
 .text.config_open2
                0x000000000043dfb0       0x60 libbb/lib.a(parse_config.o)
                0x000000000043dfb0                config_open2
 .text.config_open
                0x000000000043e010       0x1c libbb/lib.a(parse_config.o)
                0x000000000043e010                config_open
 .text.config_close
                0x000000000043e02c       0x88 libbb/lib.a(parse_config.o)
                0x000000000043e02c                config_close
 .text.config_read
                0x000000000043e0b4      0x320 libbb/lib.a(parse_config.o)
                0x000000000043e0b4                config_read
 .text.bb_parse_mode
                0x000000000043e3d4      0x2c4 libbb/lib.a(parse_mode.o)
                0x000000000043e3d4                bb_parse_mode
 .text.hex_to_bin
                0x000000000043e698       0x34 libbb/lib.a(percent_decode.o)
 .text.percent_decode_in_place
                0x000000000043e6cc      0x12c libbb/lib.a(percent_decode.o)
                0x000000000043e6cc                percent_decode_in_place
 .text.bb_perror_nomsg_and_die
                0x000000000043e7f8       0x18 libbb/lib.a(perror_nomsg_and_die.o)
                0x000000000043e7f8                bb_perror_nomsg_and_die
 .text.write_pidfile
                0x000000000043e810      0x100 libbb/lib.a(pidfile.o)
                0x000000000043e810                write_pidfile
 .text.printable_string
                0x000000000043e910      0x124 libbb/lib.a(printable_string.o)
                0x000000000043e910                printable_string
 .text.bb_process_escape_sequence
                0x000000000043ea34       0xf0 libbb/lib.a(process_escape_sequence.o)
                0x000000000043ea34                bb_process_escape_sequence
 .text.get_cached
                0x000000000043eb24       0xf0 libbb/lib.a(procps.o)
 .text.get_cached_username
                0x000000000043ec14       0x28 libbb/lib.a(procps.o)
                0x000000000043ec14                get_cached_username
 .text.get_cached_groupname
                0x000000000043ec3c       0x28 libbb/lib.a(procps.o)
                0x000000000043ec3c                get_cached_groupname
 .text.read_to_buf
                0x000000000043ec64       0xa4 libbb/lib.a(procps.o)
 .text.free_procps_scan
                0x000000000043ed08       0x74 libbb/lib.a(procps.o)
                0x000000000043ed08                free_procps_scan
 .text.fast_strtoul_10
                0x000000000043ed7c       0x54 libbb/lib.a(procps.o)
 .text.skip_fields
                0x000000000043edd0       0x24 libbb/lib.a(procps.o)
 .text.procps_scan
                0x000000000043edf4      0x554 libbb/lib.a(procps.o)
                0x000000000043edf4                procps_scan
 .text.read_cmdline
                0x000000000043f348      0x1b0 libbb/lib.a(procps.o)
                0x000000000043f348                read_cmdline
 .text.bb_progress_init
                0x000000000043f4f8       0x50 libbb/lib.a(progress.o)
                0x000000000043f4f8                bb_progress_init
 .text.bb_progress_update
                0x000000000043f548      0x538 libbb/lib.a(progress.o)
                0x000000000043f548                bb_progress_update
 .text.read_key
                0x000000000043fa80      0x2b4 libbb/lib.a(read_key.o)
                0x000000000043fa80                read_key
 .text.nonblock_immune_read
                0x000000000043fd34       0xe8 libbb/lib.a(read_printf.o)
                0x000000000043fd34                nonblock_immune_read
 .text.xmalloc_read
                0x000000000043fe1c      0x178 libbb/lib.a(read_printf.o)
                0x000000000043fe1c                xmalloc_read
 .text.xmalloc_open_read_close
                0x000000000043ff94       0x84 libbb/lib.a(read_printf.o)
                0x000000000043ff94                xmalloc_open_read_close
 .text.xread    0x0000000000440018       0x5c libbb/lib.a(read_printf.o)
                0x0000000000440018                xread
 .text.setup_unzip_on_fd
                0x0000000000440074       0x78 libbb/lib.a(read_printf.o)
                0x0000000000440074                setup_unzip_on_fd
 .text.open_zipped
                0x00000000004400ec       0xa4 libbb/lib.a(read_printf.o)
                0x00000000004400ec                open_zipped
 .text.xmalloc_open_zipped_read_close
                0x0000000000440190       0xac libbb/lib.a(read_printf.o)
                0x0000000000440190                xmalloc_open_zipped_read_close
 .text.true_action
                0x000000000044023c        0x8 libbb/lib.a(recursive_action.o)
 .text.recursive_action
                0x0000000000440244      0x298 libbb/lib.a(recursive_action.o)
                0x0000000000440244                recursive_action
 .text.remove_file
                0x00000000004404dc      0x34c libbb/lib.a(remove_file.o)
                0x00000000004404dc                remove_file
 .text.rtc_adjtime_is_utc
                0x0000000000440828       0xbc libbb/lib.a(rtc.o)
                0x0000000000440828                rtc_adjtime_is_utc
 .text.rtc_xopen
                0x00000000004408e4       0xc0 libbb/lib.a(rtc.o)
                0x00000000004408e4                rtc_xopen
 .text.rtc_read_tm
                0x00000000004409a4       0x7c libbb/lib.a(rtc.o)
                0x00000000004409a4                rtc_read_tm
 .text.rtc_tm2time
                0x0000000000440a20       0xe4 libbb/lib.a(rtc.o)
                0x0000000000440a20                rtc_tm2time
 .text.safe_gethostname
                0x0000000000440b04       0x5c libbb/lib.a(safe_gethostname.o)
                0x0000000000440b04                safe_gethostname
 .text.safe_poll
                0x0000000000440b60       0xb0 libbb/lib.a(safe_poll.o)
                0x0000000000440b60                safe_poll
 .text.safe_strncpy
                0x0000000000440c10       0x30 libbb/lib.a(safe_strncpy.o)
                0x0000000000440c10                safe_strncpy
 .text.overlapping_strcpy
                0x0000000000440c40       0x28 libbb/lib.a(safe_strncpy.o)
                0x0000000000440c40                overlapping_strcpy
 .text.record_signo
                0x0000000000440c68       0x18 libbb/lib.a(signals.o)
                0x0000000000440c68                record_signo
 .text.sigaction_set
                0x0000000000440c80       0x18 libbb/lib.a(signals.o)
                0x0000000000440c80                sigaction_set
 .text.sigprocmask_allsigs
                0x0000000000440c98       0x54 libbb/lib.a(signals.o)
                0x0000000000440c98                sigprocmask_allsigs
 .text.bb_signals
                0x0000000000440cec       0x8c libbb/lib.a(signals.o)
                0x0000000000440cec                bb_signals
 .text.bb_signals_recursive_norestart
                0x0000000000440d78       0xa0 libbb/lib.a(signals.o)
                0x0000000000440d78                bb_signals_recursive_norestart
 .text.sig_unblock
                0x0000000000440e18       0x68 libbb/lib.a(signals.o)
                0x0000000000440e18                sig_unblock
 .text.kill_myself_with_sig
                0x0000000000440e80       0x5c libbb/lib.a(signals.o)
                0x0000000000440e80                kill_myself_with_sig
 .text.signal_no_SA_RESTART_empty_mask
                0x0000000000440edc       0x78 libbb/lib.a(signals.o)
                0x0000000000440edc                signal_no_SA_RESTART_empty_mask
 .text.bb_simplify_abs_path_inplace
                0x0000000000440f54       0xd0 libbb/lib.a(simplify_path.o)
                0x0000000000440f54                bb_simplify_abs_path_inplace
 .text.bb_simplify_path
                0x0000000000441024       0xb4 libbb/lib.a(simplify_path.o)
                0x0000000000441024                bb_simplify_path
 .text.skip_whitespace
                0x00000000004410d8       0x5c libbb/lib.a(skip_whitespace.o)
                0x00000000004410d8                skip_whitespace
 .text.skip_non_whitespace
                0x0000000000441134       0x6c libbb/lib.a(skip_whitespace.o)
                0x0000000000441134                skip_non_whitespace
 .text.skip_dev_pfx
                0x00000000004411a0       0x54 libbb/lib.a(skip_whitespace.o)
                0x00000000004411a0                skip_dev_pfx
 .text.str_tolower
                0x00000000004411f4       0x44 libbb/lib.a(str_tolower.o)
                0x00000000004411f4                str_tolower
 .text.get_signum
                0x0000000000441238       0xd0 libbb/lib.a(u_signal_names.o)
                0x0000000000441238                get_signum
 .text.get_signame
                0x0000000000441308       0x48 libbb/lib.a(u_signal_names.o)
                0x0000000000441308                get_signame
 .text.print_signames
                0x0000000000441350       0x84 libbb/lib.a(u_signal_names.o)
                0x0000000000441350                print_signames
 .text.bb_uuencode
                0x00000000004413d4       0xd0 libbb/lib.a(uuencode.o)
                0x00000000004413d4                bb_uuencode
 .text.spawn    0x00000000004414a4       0xd0 libbb/lib.a(vfork_daemon_rexec.o)
                0x00000000004414a4                spawn
 .text.run_nofork_applet
                0x0000000000441574      0x230 libbb/lib.a(vfork_daemon_rexec.o)
                0x0000000000441574                run_nofork_applet
 .text.spawn_and_wait
                0x00000000004417a4       0xfc libbb/lib.a(vfork_daemon_rexec.o)
                0x00000000004417a4                spawn_and_wait
 .text.bb_daemonize_or_rexec
                0x00000000004418a0      0x19c libbb/lib.a(vfork_daemon_rexec.o)
                0x00000000004418a0                bb_daemonize_or_rexec
 .text.bb_sanitize_stdio
                0x0000000000441a3c       0x18 libbb/lib.a(vfork_daemon_rexec.o)
                0x0000000000441a3c                bb_sanitize_stdio
 .text.fopen_or_warn
                0x0000000000441a54       0x64 libbb/lib.a(wfopen.o)
                0x0000000000441a54                fopen_or_warn
 .text.fopen_for_read
                0x0000000000441ab8       0x1c libbb/lib.a(wfopen.o)
                0x0000000000441ab8                fopen_for_read
 .text.xfopen_for_read
                0x0000000000441ad4       0x1c libbb/lib.a(wfopen.o)
                0x0000000000441ad4                xfopen_for_read
 .text.fopen_or_warn_stdin
                0x0000000000441af0       0x6c libbb/lib.a(wfopen_input.o)
                0x0000000000441af0                fopen_or_warn_stdin
 .text.xfopen_stdin
                0x0000000000441b5c       0x48 libbb/lib.a(wfopen_input.o)
                0x0000000000441b5c                xfopen_stdin
 .text.open_or_warn_stdin
                0x0000000000441ba4       0x64 libbb/lib.a(wfopen_input.o)
                0x0000000000441ba4                open_or_warn_stdin
 .text.xstrtoul_range_sfx
                0x0000000000441c08      0x1a8 libbb/lib.a(xatonum.o)
                0x0000000000441c08                xstrtoul_range_sfx
 .text.xstrtol_range_sfx
                0x0000000000441db0       0xec libbb/lib.a(xatonum.o)
                0x0000000000441db0                xstrtol_range_sfx
 .text.xstrtol  0x0000000000441e9c       0x40 libbb/lib.a(xatonum.o)
                0x0000000000441e9c                xstrtol
 .text.xatoul_sfx
                0x0000000000441edc       0x40 libbb/lib.a(xatonum.o)
                0x0000000000441edc                xatoul_sfx
 .text.xatoul   0x0000000000441f1c       0x18 libbb/lib.a(xatonum.o)
                0x0000000000441f1c                xatoul
 .text.xatoul_range
                0x0000000000441f34       0x40 libbb/lib.a(xatonum.o)
                0x0000000000441f34                xatoul_range
 .text.xatoul_range_sfx
                0x0000000000441f74       0x44 libbb/lib.a(xatonum.o)
                0x0000000000441f74                xatoul_range_sfx
 .text.xstrtoul
                0x0000000000441fb8       0x3c libbb/lib.a(xatonum.o)
                0x0000000000441fb8                xstrtoul
 .text.xatoi_positive
                0x0000000000441ff4       0x20 libbb/lib.a(xatonum.o)
                0x0000000000441ff4                xatoi_positive
 .text.xatou16  0x0000000000442014       0x3c libbb/lib.a(xatonum.o)
                0x0000000000442014                xatou16
 .text.setsockopt_reuseaddr
                0x0000000000442050       0x44 libbb/lib.a(xconnect.o)
                0x0000000000442050                setsockopt_reuseaddr
 .text.setsockopt_broadcast
                0x0000000000442094       0x44 libbb/lib.a(xconnect.o)
                0x0000000000442094                setsockopt_broadcast
 .text.setsockopt_bindtodevice
                0x00000000004420d8       0x98 libbb/lib.a(xconnect.o)
                0x00000000004420d8                setsockopt_bindtodevice
 .text.xconnect
                0x0000000000442170       0x94 libbb/lib.a(xconnect.o)
                0x0000000000442170                xconnect
 .text.bb_lookup_port
                0x0000000000442204       0xd8 libbb/lib.a(xconnect.o)
                0x0000000000442204                bb_lookup_port
 .text.set_nport
                0x00000000004422dc       0x1c libbb/lib.a(xconnect.o)
                0x00000000004422dc                set_nport
 .text.str2sockaddr
                0x00000000004422f8      0x27c libbb/lib.a(xconnect.o)
 .text.host2sockaddr
                0x0000000000442574       0x1c libbb/lib.a(xconnect.o)
                0x0000000000442574                host2sockaddr
 .text.xhost2sockaddr
                0x0000000000442590       0x1c libbb/lib.a(xconnect.o)
                0x0000000000442590                xhost2sockaddr
 .text.xdotted2sockaddr
                0x00000000004425ac       0x1c libbb/lib.a(xconnect.o)
                0x00000000004425ac                xdotted2sockaddr
 .text.xconnect_stream
                0x00000000004425c8       0x70 libbb/lib.a(xconnect.o)
                0x00000000004425c8                xconnect_stream
 .text.sockaddr2str
                0x0000000000442638       0xbc libbb/lib.a(xconnect.o)
 .text.xmalloc_sockaddr2dotted
                0x00000000004426f4       0x1c libbb/lib.a(xconnect.o)
                0x00000000004426f4                xmalloc_sockaddr2dotted
 .text.xmalloc_sockaddr2dotted_noport
                0x0000000000442710       0x1c libbb/lib.a(xconnect.o)
                0x0000000000442710                xmalloc_sockaddr2dotted_noport
 .text.xrealloc_getcwd_or_warn
                0x000000000044272c       0xec libbb/lib.a(xgetcwd.o)
                0x000000000044272c                xrealloc_getcwd_or_warn
 .text.xmalloc_readlink
                0x0000000000442818       0xc0 libbb/lib.a(xreadlink.o)
                0x0000000000442818                xmalloc_readlink
 .text.xmalloc_follow_symlinks
                0x00000000004428d8      0x17c libbb/lib.a(xreadlink.o)
                0x00000000004428d8                xmalloc_follow_symlinks
 .text.xmalloc_readlink_or_warn
                0x0000000000442a54       0x9c libbb/lib.a(xreadlink.o)
                0x0000000000442a54                xmalloc_readlink_or_warn
 .text.xmalloc_realpath
                0x0000000000442af0       0x44 libbb/lib.a(xreadlink.o)
                0x0000000000442af0                xmalloc_realpath
 .text.xrealloc_vector_helper
                0x0000000000442b34       0xb4 libbb/lib.a(xrealloc_vector.o)
                0x0000000000442b34                xrealloc_vector_helper
 .text.bb_pstrcmp
                0x0000000000442be8       0x20 libbb/lib.a(bb_qsort.o)
                0x0000000000442be8                bb_pstrcmp
 .text.qsort_string_vector
                0x0000000000442c08       0x1c libbb/lib.a(bb_qsort.o)
                0x0000000000442c08                qsort_string_vector
 .text.concat_subpath_file
                0x0000000000442c24       0x5c libbb/lib.a(concat_subpath_file.o)
                0x0000000000442c24                concat_subpath_file
 *(SORT(.text.*personality*))
 *(SORT(.gnu.warning))
 *(SORT(.mips16.fn.*))
 *(SORT(.mips16.call.*))

.MIPS.stubs     0x0000000000442c80      0xdf0
 .MIPS.stubs    0x0000000000442c80      0xdf0 /opt/workspace/rtl8198/rtl819x/toolchain/rsdk-1.3.6-5281-EB-2.6.30-0.9.30/lib/crt1.o
                0x0000000000442c80                longjmp
                0x0000000000442c90                stpcpy
                0x0000000000442ca0                __umoddi3@@GLIBC_2.0
                0x0000000000442cb0                chroot
                0x0000000000442cc0                strcpy